25-09-23 00:00:10.447 [HikariPool-1:housekeeper] WARN  com.zaxxer.hikari.pool.HikariPool - HikariPool-1 - Thread starvation or clock leap detected (housekeeper delta=30m12s828ms134µs300ns). 
25-09-23 00:00:12.372 [RMI TCP Connection(137)-127.0.0.1] INFO  o.s.b.a.SpringApplicationAdminMXBeanRegistrar$SpringApplicationAdmin - Application shutdown requested. 
25-09-23 00:00:12.384 [RMI TCP Connection(137)-127.0.0.1] INFO  o.s.b.w.e.tomcat.GracefulShutdown - Commencing graceful shutdown. Waiting for active requests to complete 
25-09-23 00:00:12.387 [tomcat-shutdown] INFO  o.a.coyote.http11.Http11NioProtocol - Pausing ProtocolHandler ["http-nio-8080"] 
25-09-23 00:00:12.420 [tomcat-shutdown] INFO  o.s.b.w.e.tomcat.GracefulShutdown - Graceful shutdown complete 
25-09-23 00:00:12.421 [RMI TCP Connection(137)-127.0.0.1] INFO  o.a.coyote.http11.Http11NioProtocol - Stopping ProtocolHandler ["http-nio-8080"] 
25-09-23 00:00:12.429 [RMI TCP Connection(137)-127.0.0.1] INFO  o.s.o.j.LocalContainerEntityManagerFactoryBean - Closing JPA EntityManagerFactory for persistence unit 'default' 
25-09-23 00:00:12.439 [RMI TCP Connection(137)-127.0.0.1] INFO  com.zaxxer.hikari.HikariDataSource - HikariPool-1 - Shutdown initiated... 
25-09-23 00:00:12.442 [RMI TCP Connection(137)-127.0.0.1] INFO  com.zaxxer.hikari.HikariDataSource - HikariPool-1 - Shutdown completed. 
25-09-23 10:49:49.635 [background-preinit] INFO  o.h.validator.internal.util.Version - HV000001: Hibernate Validator 8.0.3.Final 
25-09-23 10:49:49.674 [restartedMain] INFO  c.v.vatManager.VatManagerApplication - Starting VatManagerApplication using Java 21.0.5 with PID 13376 (D:\SpringBoot  Projects\vatManager\target\classes started by neraz in D:\SpringBoot  Projects\vatManager) 
25-09-23 10:49:49.676 [restartedMain] INFO  c.v.vatManager.VatManagerApplication - No active profile set, falling back to 1 default profile: "default" 
25-09-23 10:49:49.722 [restartedMain] INFO  o.s.b.d.e.DevToolsPropertyDefaultsPostProcessor - Devtools property defaults active! Set 'spring.devtools.add-properties' to 'false' to disable 
25-09-23 10:49:49.722 [restartedMain] INFO  o.s.b.d.e.DevToolsPropertyDefaultsPostProcessor - For additional web related logging consider setting the 'logging.level.web' property to 'DEBUG' 
25-09-23 10:49:50.500 [restartedMain] INFO  o.s.d.r.c.RepositoryConfigurationDelegate - Bootstrapping Spring Data JPA repositories in DEFAULT mode. 
25-09-23 10:49:50.555 [restartedMain] INFO  o.s.d.r.c.RepositoryConfigurationDelegate - Finished Spring Data repository scanning in 46 ms. Found 1 JPA repository interface. 
25-09-23 10:49:51.039 [restartedMain] INFO  o.s.b.w.e.tomcat.TomcatWebServer - Tomcat initialized with port 8080 (http) 
25-09-23 10:49:51.050 [restartedMain] INFO  o.a.coyote.http11.Http11NioProtocol - Initializing ProtocolHandler ["http-nio-8080"] 
25-09-23 10:49:51.051 [restartedMain] INFO  o.a.catalina.core.StandardService - Starting service [Tomcat] 
25-09-23 10:49:51.051 [restartedMain] INFO  o.a.catalina.core.StandardEngine - Starting Servlet engine: [Apache Tomcat/10.1.44] 
25-09-23 10:49:51.104 [restartedMain] INFO  o.a.c.c.C.[Tomcat].[localhost].[/] - Initializing Spring embedded WebApplicationContext 
25-09-23 10:49:51.104 [restartedMain] INFO  o.s.b.w.s.c.ServletWebServerApplicationContext - Root WebApplicationContext: initialization completed in 1381 ms 
25-09-23 10:49:51.258 [restartedMain] INFO  o.h.jpa.internal.util.LogHelper - HHH000204: Processing PersistenceUnitInfo [name: default] 
25-09-23 10:49:51.327 [restartedMain] INFO  org.hibernate.Version - HHH000412: Hibernate ORM core version 6.6.26.Final 
25-09-23 10:49:51.368 [restartedMain] INFO  o.h.c.i.RegionFactoryInitiator - HHH000026: Second-level cache disabled 
25-09-23 10:49:51.671 [restartedMain] INFO  o.s.o.j.p.SpringPersistenceUnitInfo - No LoadTimeWeaver setup: ignoring JPA class transformer 
25-09-23 10:49:51.703 [restartedMain] INFO  com.zaxxer.hikari.HikariDataSource - HikariPool-1 - Starting... 
25-09-23 10:49:51.910 [restartedMain] INFO  com.zaxxer.hikari.pool.HikariPool - HikariPool-1 - Added connection org.sqlite.jdbc4.JDBC4Connection@5a6da710 
25-09-23 10:49:51.913 [restartedMain] INFO  com.zaxxer.hikari.HikariDataSource - HikariPool-1 - Start completed. 
25-09-23 10:49:51.954 [restartedMain] INFO  o.hibernate.orm.connections.pooling - HHH10001005: Database info:
	Database JDBC URL [Connecting through datasource 'HikariDataSource (HikariPool-1)']
	Database driver: undefined/unknown
	Database version: 3.50.3
	Autocommit mode: undefined/unknown
	Isolation level: undefined/unknown
	Minimum pool size: undefined/unknown
	Maximum pool size: undefined/unknown 
25-09-23 10:49:52.655 [restartedMain] INFO  o.h.e.t.j.p.i.JtaPlatformInitiator - HHH000489: No JTA platform available (set 'hibernate.transaction.jta.platform' to enable JTA platform integration) 
25-09-23 10:49:52.688 [restartedMain] INFO  o.s.o.j.LocalContainerEntityManagerFactoryBean - Initialized JPA EntityManagerFactory for persistence unit 'default' 
25-09-23 10:49:52.951 [restartedMain] INFO  o.s.d.j.r.query.QueryEnhancerFactory - Hibernate is in classpath; If applicable, HQL parser will be used. 
25-09-23 10:49:53.025 [restartedMain] WARN  o.s.b.a.o.j.JpaBaseConfiguration$JpaWebConfiguration - spring.jpa.open-in-view is enabled by default. Therefore, database queries may be performed during view rendering. Explicitly configure spring.jpa.open-in-view to disable this warning 
25-09-23 10:49:53.395 [restartedMain] INFO  o.s.b.d.a.OptionalLiveReloadServer - LiveReload server is running on port 35729 
25-09-23 10:49:53.414 [restartedMain] INFO  o.a.coyote.http11.Http11NioProtocol - Starting ProtocolHandler ["http-nio-8080"] 
25-09-23 10:49:53.431 [restartedMain] INFO  o.s.b.w.e.tomcat.TomcatWebServer - Tomcat started on port 8080 (http) with context path '/' 
25-09-23 10:49:53.437 [restartedMain] INFO  c.v.vatManager.VatManagerApplication - Started VatManagerApplication in 4.077 seconds (process running for 5.198) 
25-09-23 10:49:56.694 [http-nio-8080-exec-1] INFO  o.a.c.c.C.[Tomcat].[localhost].[/] - Initializing Spring DispatcherServlet 'dispatcherServlet' 
25-09-23 10:49:56.694 [http-nio-8080-exec-1] INFO  o.s.web.servlet.DispatcherServlet - Initializing Servlet 'dispatcherServlet' 
25-09-23 10:49:56.695 [http-nio-8080-exec-1] INFO  o.s.web.servlet.DispatcherServlet - Completed initialization in 1 ms 
25-09-23 10:49:56.748 [http-nio-8080-exec-1] INFO  c.v.v.service.ClientServiceImpl - Getting all the Clients from the Database. 
25-09-23 10:49:59.720 [http-nio-8080-exec-2] INFO  c.v.v.service.ClientServiceImpl - Getting all the Clients from the Database. 
25-09-23 10:50:00.749 [http-nio-8080-exec-3] INFO  c.v.v.service.ClientServiceImpl - Getting all the Clients from the Database. 
25-09-23 10:50:04.123 [http-nio-8080-exec-4] INFO  c.v.v.service.ClientServiceImpl - Getting all the Clients from the Database. 
25-09-23 10:50:05.337 [http-nio-8080-exec-5] INFO  c.v.v.service.ClientServiceImpl - Getting all the Clients from the Database. 
25-09-23 10:50:46.804 [http-nio-8080-exec-6] INFO  c.v.v.service.ClientServiceImpl - Getting all the Clients from the Database. 
25-09-23 10:52:47.105 [http-nio-8080-exec-1] INFO  c.v.v.service.ClientServiceImpl - Getting all the Clients from the Database. 
25-09-23 10:53:33.755 [http-nio-8080-exec-2] INFO  c.v.v.service.ClientServiceImpl - Getting all the Clients from the Database. 
25-09-23 10:53:48.432 [http-nio-8080-exec-3] INFO  c.v.v.service.ClientServiceImpl - Getting all the Clients from the Database. 
25-09-23 10:53:50.293 [http-nio-8080-exec-4] INFO  c.v.v.service.ClientServiceImpl - Getting all the Clients from the Database. 
25-09-23 10:53:52.279 [http-nio-8080-exec-5] INFO  c.v.v.service.ClientServiceImpl - Getting all the Clients from the Database. 
25-09-23 10:54:01.927 [http-nio-8080-exec-6] INFO  c.v.v.service.ClientServiceImpl - Getting all the Clients from the Database. 
25-09-23 10:54:05.137 [http-nio-8080-exec-7] INFO  c.v.v.service.ClientServiceImpl - Getting all the Clients from the Database. 
25-09-23 10:54:07.749 [http-nio-8080-exec-8] INFO  c.v.v.service.ClientServiceImpl - Getting all the Clients from the Database. 
25-09-23 10:54:09.491 [http-nio-8080-exec-9] INFO  c.v.v.service.ClientServiceImpl - Getting all the Clients from the Database. 
25-09-23 10:55:18.498 [http-nio-8080-exec-1] INFO  c.v.v.service.ClientServiceImpl - Getting all the Clients from the Database. 
25-09-23 10:55:37.869 [http-nio-8080-exec-2] INFO  c.v.v.service.ClientServiceImpl - Getting all the Clients from the Database. 
25-09-23 10:55:51.112 [http-nio-8080-exec-3] INFO  c.v.v.service.ClientServiceImpl - Getting all the Clients from the Database. 
25-09-23 11:00:19.950 [http-nio-8080-exec-5] INFO  c.v.v.service.ClientServiceImpl - Getting all the Clients from the Database. 
25-09-23 11:01:06.728 [http-nio-8080-exec-6] INFO  c.v.v.service.ClientServiceImpl - Getting all the Clients from the Database. 
25-09-23 11:01:52.774 [http-nio-8080-exec-7] INFO  c.v.v.service.ClientServiceImpl - Getting all the Clients from the Database. 
25-09-23 11:04:48.232 [http-nio-8080-exec-9] INFO  c.v.v.service.ClientServiceImpl - Getting all the Clients from the Database. 
25-09-23 11:05:53.854 [http-nio-8080-exec-1] INFO  c.v.v.service.ClientServiceImpl - Getting all the Clients from the Database. 
25-09-23 11:06:05.063 [http-nio-8080-exec-2] INFO  c.v.v.service.ClientServiceImpl - Getting all the Clients from the Database. 
25-09-23 11:06:14.955 [http-nio-8080-exec-3] INFO  c.v.v.service.ClientServiceImpl - Getting all the Clients from the Database. 
25-09-23 11:07:10.306 [http-nio-8080-exec-4] INFO  c.v.v.service.ClientServiceImpl - Getting all the Clients from the Database. 
25-09-23 11:07:39.461 [http-nio-8080-exec-5] INFO  c.v.v.service.ClientServiceImpl - Getting all the Clients from the Database. 
25-09-23 11:10:27.927 [http-nio-8080-exec-7] INFO  c.v.v.service.ClientServiceImpl - Getting all the Clients from the Database. 
25-09-23 11:10:37.750 [http-nio-8080-exec-8] INFO  c.v.v.service.ClientServiceImpl - Getting all the Clients from the Database. 
25-09-23 11:26:23.814 [http-nio-8080-exec-10] INFO  c.v.v.service.ClientServiceImpl - Getting all the Clients from the Database. 
25-09-23 11:37:54.395 [http-nio-8080-exec-2] INFO  c.v.v.service.ClientServiceImpl - Getting all the Clients from the Database. 
25-09-23 12:02:22.147 [http-nio-8080-exec-4] INFO  c.v.v.service.ClientServiceImpl - Getting all the Clients from the Database. 
25-09-23 12:02:23.340 [http-nio-8080-exec-5] INFO  c.v.v.service.ClientServiceImpl - Getting all the Clients from the Database. 
25-09-23 12:02:25.506 [http-nio-8080-exec-6] INFO  c.v.v.service.ClientServiceImpl - Getting all the Clients from the Database. 
25-09-23 12:02:27.210 [http-nio-8080-exec-7] INFO  c.v.v.service.ClientServiceImpl - Getting all the Clients from the Database. 
25-09-23 12:02:28.968 [http-nio-8080-exec-8] INFO  c.v.v.service.ClientServiceImpl - Getting all the Clients from the Database. 
25-09-23 12:02:30.165 [http-nio-8080-exec-9] INFO  c.v.v.service.ClientServiceImpl - Getting all the Clients from the Database. 
25-09-23 12:02:32.127 [http-nio-8080-exec-10] INFO  c.v.v.service.ClientServiceImpl - Getting all the Clients from the Database. 
25-09-23 12:02:34.840 [http-nio-8080-exec-1] INFO  c.v.v.service.ClientServiceImpl - Getting all the Clients from the Database. 
25-09-23 12:02:37.007 [http-nio-8080-exec-2] INFO  c.v.v.service.ClientServiceImpl - Getting all the Clients from the Database. 
25-09-23 12:02:41.540 [http-nio-8080-exec-3] INFO  c.v.v.service.ClientServiceImpl - Getting all the Clients from the Database. 
25-09-23 12:03:08.337 [http-nio-8080-exec-4] INFO  c.v.v.service.ClientServiceImpl - Getting all the Clients from the Database. 
25-09-23 12:03:35.425 [http-nio-8080-exec-5] INFO  c.v.v.service.ClientServiceImpl - Getting all the Clients from the Database. 
25-09-23 12:03:43.944 [http-nio-8080-exec-6] INFO  c.v.v.service.ClientServiceImpl - Getting all the Clients from the Database. 
25-09-23 12:03:53.646 [http-nio-8080-exec-7] INFO  c.v.v.service.ClientServiceImpl - Getting all the Clients from the Database. 
25-09-23 12:03:55.012 [http-nio-8080-exec-8] INFO  c.v.v.service.ClientServiceImpl - Getting all the Clients from the Database. 
25-09-23 12:03:57.451 [http-nio-8080-exec-9] INFO  c.v.v.service.ClientServiceImpl - Getting all the Clients from the Database. 
25-09-23 12:04:00.023 [http-nio-8080-exec-10] INFO  c.v.v.service.ClientServiceImpl - Getting all the Clients from the Database. 
25-09-23 12:04:06.275 [http-nio-8080-exec-1] INFO  c.v.v.service.ClientServiceImpl - Getting all the Clients from the Database. 
25-09-23 12:04:14.788 [http-nio-8080-exec-2] INFO  c.v.v.service.ClientServiceImpl - Getting all the Clients from the Database. 
25-09-23 12:05:55.114 [http-nio-8080-exec-4] INFO  c.v.v.service.ClientServiceImpl - Getting all the Clients from the Database. 
25-09-23 12:05:58.858 [http-nio-8080-exec-5] INFO  c.v.v.service.ClientServiceImpl - Getting all the Clients from the Database. 
25-09-23 12:12:50.945 [http-nio-8080-exec-7] INFO  c.v.v.service.ClientServiceImpl - Getting all the Clients from the Database. 
25-09-23 12:12:56.060 [http-nio-8080-exec-8] INFO  c.v.v.service.ClientServiceImpl - Getting all the Clients from the Database. 
25-09-23 12:13:00.517 [http-nio-8080-exec-9] INFO  c.v.v.service.ClientServiceImpl - Getting all the Clients from the Database. 
25-09-23 12:16:04.856 [http-nio-8080-exec-1] INFO  c.v.v.service.ClientServiceImpl - Getting all the Clients from the Database. 
25-09-23 12:16:16.392 [http-nio-8080-exec-2] INFO  c.v.v.service.ClientServiceImpl - Getting all the Clients from the Database. 
25-09-23 12:16:19.587 [http-nio-8080-exec-3] INFO  c.v.v.service.ClientServiceImpl - Getting all the Clients from the Database. 
25-09-23 12:23:11.045 [http-nio-8080-exec-5] INFO  c.v.v.service.ClientServiceImpl - Getting all the Clients from the Database. 
25-09-23 12:25:53.377 [http-nio-8080-exec-7] INFO  c.v.v.service.ClientServiceImpl - Getting all the Clients from the Database. 
25-09-23 12:26:19.273 [http-nio-8080-exec-8] INFO  c.v.v.service.ClientServiceImpl - Getting all the Clients from the Database. 
25-09-23 12:48:07.081 [http-nio-8080-exec-10] INFO  c.v.v.service.ClientServiceImpl - Getting all the Clients from the Database. 
25-09-23 12:54:25.094 [http-nio-8080-exec-2] INFO  c.v.v.service.ClientServiceImpl - Getting all the Clients from the Database. 
25-09-23 13:00:37.399 [http-nio-8080-exec-4] INFO  c.v.v.service.ClientServiceImpl - Getting all the Clients from the Database. 
25-09-23 13:31:49.301 [HikariPool-1:housekeeper] WARN  com.zaxxer.hikari.pool.HikariPool - HikariPool-1 - Thread starvation or clock leap detected (housekeeper delta=8m24s828ms801µs). 
25-09-23 13:54:12.879 [http-nio-8080-exec-8] INFO  c.v.v.service.ClientServiceImpl - Initiating delete Of Client of ID : 11 
25-09-23 13:54:12.955 [http-nio-8080-exec-9] INFO  c.v.v.service.ClientServiceImpl - Getting all the Clients from the Database. 
25-09-23 13:54:14.882 [http-nio-8080-exec-10] INFO  c.v.v.service.ClientServiceImpl - Getting all the Clients from the Database. 
25-09-23 13:54:20.051 [http-nio-8080-exec-1] INFO  c.v.v.service.ClientServiceImpl - Getting all the Clients from the Database. 
25-09-23 14:02:48.178 [http-nio-8080-exec-3] INFO  c.v.v.service.ClientServiceImpl - Getting all the Clients from the Database. 
25-09-23 14:02:55.110 [http-nio-8080-exec-4] INFO  c.v.v.service.ClientServiceImpl - Getting all the Clients from the Database. 
25-09-23 14:25:21.218 [http-nio-8080-exec-8] INFO  c.v.v.service.ClientServiceImpl - Getting all the Clients from the Database. 
25-09-23 14:25:31.512 [http-nio-8080-exec-9] INFO  c.v.v.service.ClientServiceImpl - Getting all the Clients from the Database. 
25-09-23 14:25:33.176 [http-nio-8080-exec-10] INFO  c.v.v.service.ClientServiceImpl - Getting all the Clients from the Database. 
25-09-23 14:26:33.994 [http-nio-8080-exec-2] INFO  c.v.v.service.ClientServiceImpl - Getting all the Clients from the Database. 
25-09-23 14:26:48.529 [http-nio-8080-exec-4] INFO  c.v.v.service.ClientServiceImpl - Getting all the Clients from the Database. 
25-09-23 14:26:51.118 [http-nio-8080-exec-5] INFO  c.v.v.service.ClientServiceImpl - Getting all the Clients from the Database. 
25-09-23 14:27:53.334 [http-nio-8080-exec-7] INFO  c.v.v.service.ClientServiceImpl - Getting all the Clients from the Database. 
25-09-23 14:27:54.684 [http-nio-8080-exec-8] INFO  c.v.v.service.ClientServiceImpl - Getting all the Clients from the Database. 
25-09-23 14:28:16.444 [http-nio-8080-exec-9] INFO  c.v.v.service.ClientServiceImpl - Getting all the Clients from the Database. 
25-09-23 14:28:24.365 [http-nio-8080-exec-10] INFO  c.v.v.service.ClientServiceImpl - Getting all the Clients from the Database. 
25-09-23 14:28:29.082 [http-nio-8080-exec-1] INFO  c.v.v.service.ClientServiceImpl - Getting all the Clients from the Database. 
25-09-23 14:28:29.979 [http-nio-8080-exec-2] INFO  c.v.v.service.ClientServiceImpl - Getting all the Clients from the Database. 
25-09-23 14:29:18.735 [http-nio-8080-exec-3] INFO  c.v.v.service.ClientServiceImpl - Getting all the Clients from the Database. 
25-09-23 14:29:45.782 [http-nio-8080-exec-4] INFO  c.v.v.service.ClientServiceImpl - Getting all the Clients from the Database. 
25-09-23 14:29:52.122 [http-nio-8080-exec-5] INFO  c.v.v.service.ClientServiceImpl - Getting all the Clients from the Database. 
25-09-23 14:30:15.541 [http-nio-8080-exec-6] INFO  c.v.v.service.ClientServiceImpl - Getting all the Clients from the Database. 
25-09-23 14:30:20.786 [http-nio-8080-exec-7] INFO  c.v.v.service.ClientServiceImpl - Getting all the Clients from the Database. 
25-09-23 14:30:29.029 [http-nio-8080-exec-8] INFO  c.v.v.service.ClientServiceImpl - Getting all the Clients from the Database. 
25-09-23 14:30:45.388 [http-nio-8080-exec-10] ERROR o.a.c.c.C.[.[.[.[dispatcherServlet] - Servlet.service() for servlet [dispatcherServlet] in context with path [] threw exception [Request processing failed: java.lang.IllegalArgumentException: Invalid Sort Direction] with root cause 
java.lang.IllegalArgumentException: Invalid Sort Direction
	at com.vatManager.vatManager.utils.PageableUtils.createPageable(PageableUtils.java:34)
	at com.vatManager.vatManager.controller.ClientController.getAllClients(ClientController.java:60)
	at java.base/jdk.internal.reflect.DirectMethodHandleAccessor.invoke(DirectMethodHandleAccessor.java:103)
	at java.base/java.lang.reflect.Method.invoke(Method.java:580)
	at org.springframework.web.method.support.InvocableHandlerMethod.doInvoke(InvocableHandlerMethod.java:258)
	at org.springframework.web.method.support.InvocableHandlerMethod.invokeForRequest(InvocableHandlerMethod.java:191)
	at org.springframework.web.servlet.mvc.method.annotation.ServletInvocableHandlerMethod.invokeAndHandle(ServletInvocableHandlerMethod.java:118)
	at org.springframework.web.servlet.mvc.method.annotation.RequestMappingHandlerAdapter.invokeHandlerMethod(RequestMappingHandlerAdapter.java:991)
	at org.springframework.web.servlet.mvc.method.annotation.RequestMappingHandlerAdapter.handleInternal(RequestMappingHandlerAdapter.java:896)
	at org.springframework.web.servlet.mvc.method.AbstractHandlerMethodAdapter.handle(AbstractHandlerMethodAdapter.java:87)
	at org.springframework.web.servlet.DispatcherServlet.doDispatch(DispatcherServlet.java:1089)
	at org.springframework.web.servlet.DispatcherServlet.doService(DispatcherServlet.java:979)
	at org.springframework.web.servlet.FrameworkServlet.processRequest(FrameworkServlet.java:1014)
	at org.springframework.web.servlet.FrameworkServlet.doGet(FrameworkServlet.java:903)
	at jakarta.servlet.http.HttpServlet.service(HttpServlet.java:564)
	at org.springframework.web.servlet.FrameworkServlet.service(FrameworkServlet.java:885)
	at jakarta.servlet.http.HttpServlet.service(HttpServlet.java:658)
	at org.apache.catalina.core.ApplicationFilterChain.internalDoFilter(ApplicationFilterChain.java:195)
	at org.apache.catalina.core.ApplicationFilterChain.doFilter(ApplicationFilterChain.java:140)
	at org.apache.tomcat.websocket.server.WsFilter.doFilter(WsFilter.java:51)
	at org.apache.catalina.core.ApplicationFilterChain.internalDoFilter(ApplicationFilterChain.java:164)
	at org.apache.catalina.core.ApplicationFilterChain.doFilter(ApplicationFilterChain.java:140)
	at org.springframework.web.filter.RequestContextFilter.doFilterInternal(RequestContextFilter.java:100)
	at org.springframework.web.filter.OncePerRequestFilter.doFilter(OncePerRequestFilter.java:116)
	at org.apache.catalina.core.ApplicationFilterChain.internalDoFilter(ApplicationFilterChain.java:164)
	at org.apache.catalina.core.ApplicationFilterChain.doFilter(ApplicationFilterChain.java:140)
	at org.springframework.web.filter.FormContentFilter.doFilterInternal(FormContentFilter.java:93)
	at org.springframework.web.filter.OncePerRequestFilter.doFilter(OncePerRequestFilter.java:116)
	at org.apache.catalina.core.ApplicationFilterChain.internalDoFilter(ApplicationFilterChain.java:164)
	at org.apache.catalina.core.ApplicationFilterChain.doFilter(ApplicationFilterChain.java:140)
	at org.springframework.web.filter.CharacterEncodingFilter.doFilterInternal(CharacterEncodingFilter.java:201)
	at org.springframework.web.filter.OncePerRequestFilter.doFilter(OncePerRequestFilter.java:116)
	at org.apache.catalina.core.ApplicationFilterChain.internalDoFilter(ApplicationFilterChain.java:164)
	at org.apache.catalina.core.ApplicationFilterChain.doFilter(ApplicationFilterChain.java:140)
	at org.apache.catalina.core.StandardWrapperValve.invoke(StandardWrapperValve.java:167)
	at org.apache.catalina.core.StandardContextValve.invoke(StandardContextValve.java:90)
	at org.apache.catalina.authenticator.AuthenticatorBase.invoke(AuthenticatorBase.java:483)
	at org.apache.catalina.core.StandardHostValve.invoke(StandardHostValve.java:116)
	at org.apache.catalina.valves.ErrorReportValve.invoke(ErrorReportValve.java:93)
	at org.apache.catalina.core.StandardEngineValve.invoke(StandardEngineValve.java:74)
	at org.apache.catalina.connector.CoyoteAdapter.service(CoyoteAdapter.java:344)
	at org.apache.coyote.http11.Http11Processor.service(Http11Processor.java:398)
	at org.apache.coyote.AbstractProcessorLight.process(AbstractProcessorLight.java:63)
	at org.apache.coyote.AbstractProtocol$ConnectionHandler.process(AbstractProtocol.java:903)
	at org.apache.tomcat.util.net.NioEndpoint$SocketProcessor.doRun(NioEndpoint.java:1769)
	at org.apache.tomcat.util.net.SocketProcessorBase.run(SocketProcessorBase.java:52)
	at org.apache.tomcat.util.threads.ThreadPoolExecutor.runWorker(ThreadPoolExecutor.java:1189)
	at org.apache.tomcat.util.threads.ThreadPoolExecutor$Worker.run(ThreadPoolExecutor.java:658)
	at org.apache.tomcat.util.threads.TaskThread$WrappingRunnable.run(TaskThread.java:63)
	at java.base/java.lang.Thread.run(Thread.java:1583)
25-09-23 14:35:59.922 [http-nio-8080-exec-1] INFO  c.v.v.service.ClientServiceImpl - Getting all the Clients from the Database. 
25-09-23 14:36:14.694 [http-nio-8080-exec-3] ERROR o.a.c.c.C.[.[.[.[dispatcherServlet] - Servlet.service() for servlet [dispatcherServlet] in context with path [] threw exception [Request processing failed: java.lang.IllegalArgumentException: Invalid Sort Direction] with root cause 
java.lang.IllegalArgumentException: Invalid Sort Direction
	at com.vatManager.vatManager.utils.PageableUtils.createPageable(PageableUtils.java:34)
	at com.vatManager.vatManager.controller.ClientController.getAllClients(ClientController.java:60)
	at java.base/jdk.internal.reflect.DirectMethodHandleAccessor.invoke(DirectMethodHandleAccessor.java:103)
	at java.base/java.lang.reflect.Method.invoke(Method.java:580)
	at org.springframework.web.method.support.InvocableHandlerMethod.doInvoke(InvocableHandlerMethod.java:258)
	at org.springframework.web.method.support.InvocableHandlerMethod.invokeForRequest(InvocableHandlerMethod.java:191)
	at org.springframework.web.servlet.mvc.method.annotation.ServletInvocableHandlerMethod.invokeAndHandle(ServletInvocableHandlerMethod.java:118)
	at org.springframework.web.servlet.mvc.method.annotation.RequestMappingHandlerAdapter.invokeHandlerMethod(RequestMappingHandlerAdapter.java:991)
	at org.springframework.web.servlet.mvc.method.annotation.RequestMappingHandlerAdapter.handleInternal(RequestMappingHandlerAdapter.java:896)
	at org.springframework.web.servlet.mvc.method.AbstractHandlerMethodAdapter.handle(AbstractHandlerMethodAdapter.java:87)
	at org.springframework.web.servlet.DispatcherServlet.doDispatch(DispatcherServlet.java:1089)
	at org.springframework.web.servlet.DispatcherServlet.doService(DispatcherServlet.java:979)
	at org.springframework.web.servlet.FrameworkServlet.processRequest(FrameworkServlet.java:1014)
	at org.springframework.web.servlet.FrameworkServlet.doGet(FrameworkServlet.java:903)
	at jakarta.servlet.http.HttpServlet.service(HttpServlet.java:564)
	at org.springframework.web.servlet.FrameworkServlet.service(FrameworkServlet.java:885)
	at jakarta.servlet.http.HttpServlet.service(HttpServlet.java:658)
	at org.apache.catalina.core.ApplicationFilterChain.internalDoFilter(ApplicationFilterChain.java:195)
	at org.apache.catalina.core.ApplicationFilterChain.doFilter(ApplicationFilterChain.java:140)
	at org.apache.tomcat.websocket.server.WsFilter.doFilter(WsFilter.java:51)
	at org.apache.catalina.core.ApplicationFilterChain.internalDoFilter(ApplicationFilterChain.java:164)
	at org.apache.catalina.core.ApplicationFilterChain.doFilter(ApplicationFilterChain.java:140)
	at org.springframework.web.filter.RequestContextFilter.doFilterInternal(RequestContextFilter.java:100)
	at org.springframework.web.filter.OncePerRequestFilter.doFilter(OncePerRequestFilter.java:116)
	at org.apache.catalina.core.ApplicationFilterChain.internalDoFilter(ApplicationFilterChain.java:164)
	at org.apache.catalina.core.ApplicationFilterChain.doFilter(ApplicationFilterChain.java:140)
	at org.springframework.web.filter.FormContentFilter.doFilterInternal(FormContentFilter.java:93)
	at org.springframework.web.filter.OncePerRequestFilter.doFilter(OncePerRequestFilter.java:116)
	at org.apache.catalina.core.ApplicationFilterChain.internalDoFilter(ApplicationFilterChain.java:164)
	at org.apache.catalina.core.ApplicationFilterChain.doFilter(ApplicationFilterChain.java:140)
	at org.springframework.web.filter.CharacterEncodingFilter.doFilterInternal(CharacterEncodingFilter.java:201)
	at org.springframework.web.filter.OncePerRequestFilter.doFilter(OncePerRequestFilter.java:116)
	at org.apache.catalina.core.ApplicationFilterChain.internalDoFilter(ApplicationFilterChain.java:164)
	at org.apache.catalina.core.ApplicationFilterChain.doFilter(ApplicationFilterChain.java:140)
	at org.apache.catalina.core.StandardWrapperValve.invoke(StandardWrapperValve.java:167)
	at org.apache.catalina.core.StandardContextValve.invoke(StandardContextValve.java:90)
	at org.apache.catalina.authenticator.AuthenticatorBase.invoke(AuthenticatorBase.java:483)
	at org.apache.catalina.core.StandardHostValve.invoke(StandardHostValve.java:116)
	at org.apache.catalina.valves.ErrorReportValve.invoke(ErrorReportValve.java:93)
	at org.apache.catalina.core.StandardEngineValve.invoke(StandardEngineValve.java:74)
	at org.apache.catalina.connector.CoyoteAdapter.service(CoyoteAdapter.java:344)
	at org.apache.coyote.http11.Http11Processor.service(Http11Processor.java:398)
	at org.apache.coyote.AbstractProcessorLight.process(AbstractProcessorLight.java:63)
	at org.apache.coyote.AbstractProtocol$ConnectionHandler.process(AbstractProtocol.java:903)
	at org.apache.tomcat.util.net.NioEndpoint$SocketProcessor.doRun(NioEndpoint.java:1769)
	at org.apache.tomcat.util.net.SocketProcessorBase.run(SocketProcessorBase.java:52)
	at org.apache.tomcat.util.threads.ThreadPoolExecutor.runWorker(ThreadPoolExecutor.java:1189)
	at org.apache.tomcat.util.threads.ThreadPoolExecutor$Worker.run(ThreadPoolExecutor.java:658)
	at org.apache.tomcat.util.threads.TaskThread$WrappingRunnable.run(TaskThread.java:63)
	at java.base/java.lang.Thread.run(Thread.java:1583)
25-09-23 14:41:28.962 [http-nio-8080-exec-4] INFO  c.v.v.service.ClientServiceImpl - Getting all the Clients from the Database. 
25-09-23 14:44:30.445 [http-nio-8080-exec-9] INFO  c.v.v.service.ClientServiceImpl - Getting all the Clients from the Database. 
25-09-23 16:05:41.959 [HikariPool-1:housekeeper] WARN  com.zaxxer.hikari.pool.HikariPool - HikariPool-1 - Thread starvation or clock leap detected (housekeeper delta=57m21s156ms661µs500ns). 
25-09-23 16:11:35.838 [http-nio-8080-exec-1] INFO  c.v.v.service.ClientServiceImpl - Getting all the Clients from the Database. 
25-09-23 16:11:37.797 [http-nio-8080-exec-2] INFO  c.v.v.service.ClientServiceImpl - Getting all the Clients from the Database. 
25-09-23 16:12:43.748 [http-nio-8080-exec-5] INFO  c.v.v.service.ClientServiceImpl - Getting all the Clients from the Database. 
25-09-23 16:12:43.762 [http-nio-8080-exec-6] INFO  c.v.v.service.ClientServiceImpl - Getting all the Clients from the Database. 
25-09-23 16:12:46.269 [http-nio-8080-exec-7] INFO  c.v.v.service.ClientServiceImpl - Getting all the Clients from the Database. 
25-09-23 16:12:46.278 [http-nio-8080-exec-8] INFO  c.v.v.service.ClientServiceImpl - Getting all the Clients from the Database. 
25-09-23 16:12:59.386 [http-nio-8080-exec-9] INFO  c.v.v.service.ClientServiceImpl - Getting all the Clients from the Database. 
25-09-23 16:12:59.396 [http-nio-8080-exec-10] INFO  c.v.v.service.ClientServiceImpl - Getting all the Clients from the Database. 
25-09-23 16:15:56.429 [http-nio-8080-exec-2] INFO  c.v.v.service.ClientServiceImpl - Getting all the Clients from the Database. 
25-09-23 16:15:57.107 [http-nio-8080-exec-3] INFO  c.v.v.service.ClientServiceImpl - Getting all the Clients from the Database. 
25-09-23 16:15:57.141 [http-nio-8080-exec-4] INFO  c.v.v.service.ClientServiceImpl - Getting all the Clients from the Database. 
25-09-23 16:16:20.097 [http-nio-8080-exec-5] INFO  c.v.v.service.ClientServiceImpl - Getting all the Clients from the Database. 
25-09-23 16:16:21.798 [http-nio-8080-exec-6] INFO  c.v.v.service.ClientServiceImpl - Getting all the Clients from the Database. 
25-09-23 16:16:23.562 [http-nio-8080-exec-7] INFO  c.v.v.service.ClientServiceImpl - Getting all the Clients from the Database. 
25-09-23 16:16:24.333 [http-nio-8080-exec-8] INFO  c.v.v.service.ClientServiceImpl - Getting all the Clients from the Database. 
25-09-23 16:16:25.734 [http-nio-8080-exec-9] INFO  c.v.v.service.ClientServiceImpl - Getting all the Clients from the Database. 
25-09-23 16:16:26.727 [http-nio-8080-exec-10] INFO  c.v.v.service.ClientServiceImpl - Getting all the Clients from the Database. 
25-09-23 16:17:33.329 [http-nio-8080-exec-2] INFO  c.v.v.service.ClientServiceImpl - Getting all the Clients from the Database. 
25-09-23 16:17:33.343 [http-nio-8080-exec-3] INFO  c.v.v.service.ClientServiceImpl - Getting all the Clients from the Database. 
25-09-23 16:17:36.281 [http-nio-8080-exec-4] INFO  c.v.v.service.ClientServiceImpl - Getting all the Clients from the Database. 
25-09-23 16:17:36.285 [http-nio-8080-exec-5] INFO  c.v.v.service.ClientServiceImpl - Getting all the Clients from the Database. 
25-09-23 16:17:36.670 [http-nio-8080-exec-6] INFO  c.v.v.service.ClientServiceImpl - Getting all the Clients from the Database. 
25-09-23 16:17:36.674 [http-nio-8080-exec-7] INFO  c.v.v.service.ClientServiceImpl - Getting all the Clients from the Database. 
25-09-23 16:17:45.936 [http-nio-8080-exec-8] INFO  c.v.v.service.ClientServiceImpl - Getting all the Clients from the Database. 
25-09-23 16:17:45.936 [http-nio-8080-exec-9] INFO  c.v.v.service.ClientServiceImpl - Getting all the Clients from the Database. 
25-09-23 16:18:31.984 [http-nio-8080-exec-10] INFO  c.v.v.service.ClientServiceImpl - Getting all the Clients from the Database. 
25-09-23 16:18:31.986 [http-nio-8080-exec-1] INFO  c.v.v.service.ClientServiceImpl - Getting all the Clients from the Database. 
25-09-23 16:18:34.907 [http-nio-8080-exec-2] INFO  c.v.v.service.ClientServiceImpl - Getting all the Clients from the Database. 
25-09-23 16:18:34.907 [http-nio-8080-exec-3] INFO  c.v.v.service.ClientServiceImpl - Getting all the Clients from the Database. 
25-09-23 16:18:40.503 [http-nio-8080-exec-4] INFO  c.v.v.service.ClientServiceImpl - Getting all the Clients from the Database. 
25-09-23 16:18:40.503 [http-nio-8080-exec-5] INFO  c.v.v.service.ClientServiceImpl - Getting all the Clients from the Database. 
25-09-23 16:18:46.781 [http-nio-8080-exec-6] INFO  c.v.v.service.ClientServiceImpl - Getting all the Clients from the Database. 
25-09-23 16:18:46.782 [http-nio-8080-exec-7] INFO  c.v.v.service.ClientServiceImpl - Getting all the Clients from the Database. 
25-09-23 16:18:49.690 [http-nio-8080-exec-9] INFO  c.v.v.service.ClientServiceImpl - Getting all the Clients from the Database. 
25-09-23 16:18:49.693 [http-nio-8080-exec-8] INFO  c.v.v.service.ClientServiceImpl - Getting all the Clients from the Database. 
25-09-23 16:18:50.825 [http-nio-8080-exec-10] INFO  c.v.v.service.ClientServiceImpl - Getting all the Clients from the Database. 
25-09-23 16:18:50.827 [http-nio-8080-exec-1] INFO  c.v.v.service.ClientServiceImpl - Getting all the Clients from the Database. 
25-09-23 16:18:59.336 [http-nio-8080-exec-3] INFO  c.v.v.service.ClientServiceImpl - Getting all the Clients from the Database. 
25-09-23 16:18:59.341 [http-nio-8080-exec-2] INFO  c.v.v.service.ClientServiceImpl - Getting all the Clients from the Database. 
25-09-23 16:19:03.667 [http-nio-8080-exec-4] INFO  c.v.v.service.ClientServiceImpl - Getting all the Clients from the Database. 
25-09-23 16:19:03.678 [http-nio-8080-exec-5] INFO  c.v.v.service.ClientServiceImpl - Getting all the Clients from the Database. 
25-09-23 16:19:24.165 [http-nio-8080-exec-7] INFO  c.v.v.service.ClientServiceImpl - Getting all the Clients from the Database. 
25-09-23 16:19:24.173 [http-nio-8080-exec-6] INFO  c.v.v.service.ClientServiceImpl - Getting all the Clients from the Database. 
25-09-23 16:19:26.656 [http-nio-8080-exec-9] INFO  c.v.v.service.ClientServiceImpl - Getting all the Clients from the Database. 
25-09-23 16:19:26.659 [http-nio-8080-exec-8] INFO  c.v.v.service.ClientServiceImpl - Getting all the Clients from the Database. 
25-09-23 16:21:42.136 [http-nio-8080-exec-3] INFO  c.v.v.service.ClientServiceImpl - Getting all the Clients from the Database. 
25-09-23 16:21:42.142 [http-nio-8080-exec-2] INFO  c.v.v.service.ClientServiceImpl - Getting all the Clients from the Database. 
