25-09-30 00:03:33.680 [File Watcher] INFO  o.s.b.d.a.LocalDevToolsAutoConfiguration$RestartingClassPathChangeChangedEventListener - Restarting due to 1 class path change (0 additions, 0 deletions, 1 modification) 
25-09-30 00:03:33.685 [Thread-5] INFO  o.s.b.w.e.tomcat.GracefulShutdown - Commencing graceful shutdown. Waiting for active requests to complete 
25-09-30 00:03:33.686 [tomcat-shutdown] INFO  o.a.coyote.http11.Http11NioProtocol - Pausing ProtocolHandler ["http-nio-8080"] 
25-09-30 00:03:33.708 [tomcat-shutdown] INFO  o.s.b.w.e.tomcat.GracefulShutdown - Graceful shutdown complete 
25-09-30 00:03:33.708 [Thread-5] INFO  o.a.coyote.http11.Http11NioProtocol - Stopping ProtocolHandler ["http-nio-8080"] 
25-09-30 00:03:33.713 [Thread-5] INFO  o.s.o.j.LocalContainerEntityManagerFactoryBean - Closing JPA EntityManagerFactory for persistence unit 'default' 
25-09-30 00:03:33.716 [Thread-5] INFO  com.zaxxer.hikari.HikariDataSource - HikariPool-1 - Shutdown initiated... 
25-09-30 00:03:33.718 [Thread-5] INFO  com.zaxxer.hikari.HikariDataSource - HikariPool-1 - Shutdown completed. 
25-09-30 00:03:33.796 [restartedMain] INFO  c.v.vatManager.VatManagerApplication - Starting VatManagerApplication using Java 21.0.5 with PID 8992 (D:\SpringBoot  Projects\vatManager\target\classes started by neraz in D:\SpringBoot  Projects\vatManager) 
25-09-30 00:03:33.796 [restartedMain] INFO  c.v.vatManager.VatManagerApplication - No active profile set, falling back to 1 default profile: "default" 
25-09-30 00:03:33.978 [restartedMain] INFO  o.s.d.r.c.RepositoryConfigurationDelegate - Bootstrapping Spring Data JPA repositories in DEFAULT mode. 
25-09-30 00:03:33.990 [restartedMain] INFO  o.s.d.r.c.RepositoryConfigurationDelegate - Finished Spring Data repository scanning in 10 ms. Found 1 JPA repository interface. 
25-09-30 00:03:34.085 [restartedMain] INFO  o.s.b.w.e.tomcat.TomcatWebServer - Tomcat initialized with port 8080 (http) 
25-09-30 00:03:34.086 [restartedMain] INFO  o.a.coyote.http11.Http11NioProtocol - Initializing ProtocolHandler ["http-nio-8080"] 
25-09-30 00:03:34.086 [restartedMain] INFO  o.a.catalina.core.StandardService - Starting service [Tomcat] 
25-09-30 00:03:34.086 [restartedMain] INFO  o.a.catalina.core.StandardEngine - Starting Servlet engine: [Apache Tomcat/10.1.44] 
25-09-30 00:03:34.114 [restartedMain] INFO  o.a.c.c.C.[Tomcat].[localhost].[/] - Initializing Spring embedded WebApplicationContext 
25-09-30 00:03:34.114 [restartedMain] INFO  o.s.b.w.s.c.ServletWebServerApplicationContext - Root WebApplicationContext: initialization completed in 316 ms 
25-09-30 00:03:34.151 [restartedMain] INFO  o.h.jpa.internal.util.LogHelper - HHH000204: Processing PersistenceUnitInfo [name: default] 
25-09-30 00:03:34.156 [restartedMain] INFO  o.h.c.i.RegionFactoryInitiator - HHH000026: Second-level cache disabled 
25-09-30 00:03:34.165 [restartedMain] INFO  o.s.o.j.p.SpringPersistenceUnitInfo - No LoadTimeWeaver setup: ignoring JPA class transformer 
25-09-30 00:03:34.167 [restartedMain] INFO  com.zaxxer.hikari.HikariDataSource - HikariPool-2 - Starting... 
25-09-30 00:03:34.168 [restartedMain] INFO  com.zaxxer.hikari.pool.HikariPool - HikariPool-2 - Added connection org.sqlite.jdbc4.JDBC4Connection@6b9c9041 
25-09-30 00:03:34.168 [restartedMain] INFO  com.zaxxer.hikari.HikariDataSource - HikariPool-2 - Start completed. 
25-09-30 00:03:34.168 [restartedMain] INFO  o.hibernate.orm.connections.pooling - HHH10001005: Database info:
	Database JDBC URL [Connecting through datasource 'HikariDataSource (HikariPool-2)']
	Database driver: undefined/unknown
	Database version: 3.50.3
	Autocommit mode: undefined/unknown
	Isolation level: undefined/unknown
	Minimum pool size: undefined/unknown
	Maximum pool size: undefined/unknown 
25-09-30 00:03:34.211 [restartedMain] INFO  o.h.e.t.j.p.i.JtaPlatformInitiator - HHH000489: No JTA platform available (set 'hibernate.transaction.jta.platform' to enable JTA platform integration) 
25-09-30 00:03:34.212 [restartedMain] INFO  o.s.o.j.LocalContainerEntityManagerFactoryBean - Initialized JPA EntityManagerFactory for persistence unit 'default' 
25-09-30 00:03:34.293 [restartedMain] WARN  o.s.b.a.o.j.JpaBaseConfiguration$JpaWebConfiguration - spring.jpa.open-in-view is enabled by default. Therefore, database queries may be performed during view rendering. Explicitly configure spring.jpa.open-in-view to disable this warning 
25-09-30 00:03:34.413 [restartedMain] INFO  o.s.b.d.a.OptionalLiveReloadServer - LiveReload server is running on port 35729 
25-09-30 00:03:34.422 [restartedMain] INFO  o.a.coyote.http11.Http11NioProtocol - Starting ProtocolHandler ["http-nio-8080"] 
25-09-30 00:03:34.425 [restartedMain] INFO  o.s.b.w.e.tomcat.TomcatWebServer - Tomcat started on port 8080 (http) with context path '/' 
25-09-30 00:03:34.428 [restartedMain] INFO  c.v.vatManager.VatManagerApplication - Started VatManagerApplication in 0.666 seconds (process running for 3781.353) 
25-09-30 00:03:34.430 [restartedMain] INFO  o.s.b.d.a.ConditionEvaluationDeltaLoggingListener - Condition evaluation unchanged 
25-09-30 00:03:37.754 [RMI TCP Connection(74)-127.0.0.1] INFO  o.s.b.a.SpringApplicationAdminMXBeanRegistrar$SpringApplicationAdmin - Application shutdown requested. 
25-09-30 00:03:37.755 [RMI TCP Connection(74)-127.0.0.1] INFO  o.s.b.w.e.tomcat.GracefulShutdown - Commencing graceful shutdown. Waiting for active requests to complete 
25-09-30 00:03:37.755 [tomcat-shutdown] INFO  o.a.coyote.http11.Http11NioProtocol - Pausing ProtocolHandler ["http-nio-8080"] 
25-09-30 00:03:37.775 [tomcat-shutdown] INFO  o.s.b.w.e.tomcat.GracefulShutdown - Graceful shutdown complete 
25-09-30 00:03:37.776 [RMI TCP Connection(74)-127.0.0.1] INFO  o.a.coyote.http11.Http11NioProtocol - Stopping ProtocolHandler ["http-nio-8080"] 
25-09-30 00:03:37.777 [RMI TCP Connection(74)-127.0.0.1] INFO  o.s.o.j.LocalContainerEntityManagerFactoryBean - Closing JPA EntityManagerFactory for persistence unit 'default' 
25-09-30 00:03:37.778 [RMI TCP Connection(74)-127.0.0.1] INFO  com.zaxxer.hikari.HikariDataSource - HikariPool-2 - Shutdown initiated... 
25-09-30 00:03:37.779 [RMI TCP Connection(74)-127.0.0.1] INFO  com.zaxxer.hikari.HikariDataSource - HikariPool-2 - Shutdown completed. 
25-09-30 00:03:42.323 [background-preinit] INFO  o.h.validator.internal.util.Version - HV000001: Hibernate Validator 8.0.3.Final 
25-09-30 00:03:42.374 [restartedMain] INFO  c.v.vatManager.VatManagerApplication - Starting VatManagerApplication using Java 21.0.5 with PID 6684 (D:\SpringBoot  Projects\vatManager\target\classes started by neraz in D:\SpringBoot  Projects\vatManager) 
25-09-30 00:03:42.375 [restartedMain] INFO  c.v.vatManager.VatManagerApplication - No active profile set, falling back to 1 default profile: "default" 
25-09-30 00:03:42.421 [restartedMain] INFO  o.s.b.d.e.DevToolsPropertyDefaultsPostProcessor - Devtools property defaults active! Set 'spring.devtools.add-properties' to 'false' to disable 
25-09-30 00:03:42.421 [restartedMain] INFO  o.s.b.d.e.DevToolsPropertyDefaultsPostProcessor - For additional web related logging consider setting the 'logging.level.web' property to 'DEBUG' 
25-09-30 00:03:43.118 [restartedMain] INFO  o.s.d.r.c.RepositoryConfigurationDelegate - Bootstrapping Spring Data JPA repositories in DEFAULT mode. 
25-09-30 00:03:43.171 [restartedMain] INFO  o.s.d.r.c.RepositoryConfigurationDelegate - Finished Spring Data repository scanning in 44 ms. Found 1 JPA repository interface. 
25-09-30 00:03:43.688 [restartedMain] INFO  o.s.b.w.e.tomcat.TomcatWebServer - Tomcat initialized with port 8080 (http) 
25-09-30 00:03:43.701 [restartedMain] INFO  o.a.coyote.http11.Http11NioProtocol - Initializing ProtocolHandler ["http-nio-8080"] 
25-09-30 00:03:43.703 [restartedMain] INFO  o.a.catalina.core.StandardService - Starting service [Tomcat] 
25-09-30 00:03:43.703 [restartedMain] INFO  o.a.catalina.core.StandardEngine - Starting Servlet engine: [Apache Tomcat/10.1.44] 
25-09-30 00:03:43.761 [restartedMain] INFO  o.a.c.c.C.[Tomcat].[localhost].[/] - Initializing Spring embedded WebApplicationContext 
25-09-30 00:03:43.761 [restartedMain] INFO  o.s.b.w.s.c.ServletWebServerApplicationContext - Root WebApplicationContext: initialization completed in 1339 ms 
25-09-30 00:03:43.917 [restartedMain] INFO  o.h.jpa.internal.util.LogHelper - HHH000204: Processing PersistenceUnitInfo [name: default] 
25-09-30 00:03:43.961 [restartedMain] INFO  org.hibernate.Version - HHH000412: Hibernate ORM core version 6.6.26.Final 
25-09-30 00:03:43.989 [restartedMain] INFO  o.h.c.i.RegionFactoryInitiator - HHH000026: Second-level cache disabled 
25-09-30 00:03:44.210 [restartedMain] INFO  o.s.o.j.p.SpringPersistenceUnitInfo - No LoadTimeWeaver setup: ignoring JPA class transformer 
25-09-30 00:03:44.236 [restartedMain] INFO  com.zaxxer.hikari.HikariDataSource - HikariPool-1 - Starting... 
25-09-30 00:03:44.465 [restartedMain] INFO  com.zaxxer.hikari.pool.HikariPool - HikariPool-1 - Added connection org.sqlite.jdbc4.JDBC4Connection@1738e96c 
25-09-30 00:03:44.466 [restartedMain] INFO  com.zaxxer.hikari.HikariDataSource - HikariPool-1 - Start completed. 
25-09-30 00:03:44.497 [restartedMain] INFO  o.hibernate.orm.connections.pooling - HHH10001005: Database info:
	Database JDBC URL [Connecting through datasource 'HikariDataSource (HikariPool-1)']
	Database driver: undefined/unknown
	Database version: 3.50.3
	Autocommit mode: undefined/unknown
	Isolation level: undefined/unknown
	Minimum pool size: undefined/unknown
	Maximum pool size: undefined/unknown 
25-09-30 00:03:45.091 [restartedMain] INFO  o.h.e.t.j.p.i.JtaPlatformInitiator - HHH000489: No JTA platform available (set 'hibernate.transaction.jta.platform' to enable JTA platform integration) 
25-09-30 00:03:45.119 [restartedMain] INFO  o.s.o.j.LocalContainerEntityManagerFactoryBean - Initialized JPA EntityManagerFactory for persistence unit 'default' 
25-09-30 00:03:45.332 [restartedMain] INFO  o.s.d.j.r.query.QueryEnhancerFactory - Hibernate is in classpath; If applicable, HQL parser will be used. 
25-09-30 00:03:45.397 [restartedMain] WARN  o.s.b.a.o.j.JpaBaseConfiguration$JpaWebConfiguration - spring.jpa.open-in-view is enabled by default. Therefore, database queries may be performed during view rendering. Explicitly configure spring.jpa.open-in-view to disable this warning 
25-09-30 00:03:45.714 [restartedMain] INFO  o.s.b.d.a.OptionalLiveReloadServer - LiveReload server is running on port 35729 
25-09-30 00:03:45.731 [restartedMain] INFO  o.a.coyote.http11.Http11NioProtocol - Starting ProtocolHandler ["http-nio-8080"] 
25-09-30 00:03:45.746 [restartedMain] INFO  o.s.b.w.e.tomcat.TomcatWebServer - Tomcat started on port 8080 (http) with context path '/' 
25-09-30 00:03:45.752 [restartedMain] INFO  c.v.vatManager.VatManagerApplication - Started VatManagerApplication in 3.829 seconds (process running for 4.617) 
25-09-30 00:04:23.355 [http-nio-8080-exec-1] INFO  o.a.c.c.C.[Tomcat].[localhost].[/] - Initializing Spring DispatcherServlet 'dispatcherServlet' 
25-09-30 00:04:23.355 [http-nio-8080-exec-1] INFO  o.s.web.servlet.DispatcherServlet - Initializing Servlet 'dispatcherServlet' 
25-09-30 00:04:23.356 [http-nio-8080-exec-1] INFO  o.s.web.servlet.DispatcherServlet - Completed initialization in 1 ms 
25-09-30 00:04:23.385 [http-nio-8080-exec-1] INFO  c.v.v.service.ClientServiceImpl - Getting all the Clients from the Database. 
25-09-30 00:07:02.506 [http-nio-8080-exec-4] INFO  c.v.vatManager.utils.PageableUtils -  : This is the sortDirection received in the pageableUtils method. 
25-09-30 00:07:02.508 [http-nio-8080-exec-4] INFO  c.v.v.service.ClientServiceImpl - Getting all the Clients from the Database. 
25-09-30 00:10:41.175 [http-nio-8080-exec-6] INFO  c.v.vatManager.utils.PageableUtils -  : This is the sortDirection received in the pageableUtils method. 
25-09-30 00:10:41.175 [http-nio-8080-exec-6] INFO  c.v.v.service.ClientServiceImpl - Getting all the Clients from the Database. 
25-09-30 00:10:44.232 [http-nio-8080-exec-7] INFO  c.v.vatManager.utils.PageableUtils -  : This is the sortDirection received in the pageableUtils method. 
25-09-30 00:10:44.232 [http-nio-8080-exec-7] INFO  c.v.v.service.ClientServiceImpl - Getting all the Clients from the Database. 
25-09-30 00:13:12.705 [http-nio-8080-exec-9] INFO  c.v.vatManager.utils.PageableUtils -  : This is the sortDirection received in the pageableUtils method. 
25-09-30 00:13:12.705 [http-nio-8080-exec-9] INFO  c.v.v.service.ClientServiceImpl - Getting all the Clients from the Database. 
25-09-30 00:14:29.976 [http-nio-8080-exec-2] INFO  c.v.vatManager.utils.PageableUtils -  : This is the sortDirection received in the pageableUtils method. 
25-09-30 00:14:29.976 [http-nio-8080-exec-2] INFO  c.v.v.service.ClientServiceImpl - Getting all the Clients from the Database. 
25-09-30 00:14:40.021 [http-nio-8080-exec-1] INFO  c.v.vatManager.utils.PageableUtils -  : This is the sortDirection received in the pageableUtils method. 
25-09-30 00:14:40.021 [http-nio-8080-exec-1] INFO  c.v.v.service.ClientServiceImpl - Getting all the Clients from the Database. 
25-09-30 00:14:43.362 [http-nio-8080-exec-3] INFO  c.v.vatManager.utils.PageableUtils -  : This is the sortDirection received in the pageableUtils method. 
25-09-30 00:14:43.362 [http-nio-8080-exec-3] INFO  c.v.v.service.ClientServiceImpl - Getting all the Clients from the Database. 
25-09-30 00:14:45.783 [http-nio-8080-exec-4] INFO  c.v.vatManager.utils.PageableUtils -  : This is the sortDirection received in the pageableUtils method. 
25-09-30 00:14:45.783 [http-nio-8080-exec-4] INFO  c.v.v.service.ClientServiceImpl - Getting all the Clients from the Database. 
25-09-30 00:15:12.293 [http-nio-8080-exec-5] INFO  c.v.vatManager.utils.PageableUtils -  : This is the sortDirection received in the pageableUtils method. 
25-09-30 00:15:12.293 [http-nio-8080-exec-5] INFO  c.v.v.service.ClientServiceImpl - Getting all the Clients from the Database. 
25-09-30 00:15:40.368 [http-nio-8080-exec-6] INFO  c.v.vatManager.utils.PageableUtils -  : This is the sortDirection received in the pageableUtils method. 
25-09-30 00:15:40.368 [http-nio-8080-exec-6] INFO  c.v.v.service.ClientServiceImpl - Getting all the Clients from the Database. 
25-09-30 00:15:44.985 [http-nio-8080-exec-7] INFO  c.v.vatManager.utils.PageableUtils -  : This is the sortDirection received in the pageableUtils method. 
25-09-30 00:15:44.985 [http-nio-8080-exec-7] INFO  c.v.v.service.ClientServiceImpl - Getting all the Clients from the Database. 
25-09-30 00:15:49.322 [http-nio-8080-exec-8] INFO  c.v.vatManager.utils.PageableUtils -  : This is the sortDirection received in the pageableUtils method. 
25-09-30 00:15:49.323 [http-nio-8080-exec-8] INFO  c.v.v.service.ClientServiceImpl - Getting all the Clients from the Database. 
25-09-30 00:16:01.265 [http-nio-8080-exec-9] INFO  c.v.vatManager.utils.PageableUtils -  : This is the sortDirection received in the pageableUtils method. 
25-09-30 00:16:01.266 [http-nio-8080-exec-9] INFO  c.v.v.service.ClientServiceImpl - Getting all the Clients from the Database. 
25-09-30 00:16:06.808 [http-nio-8080-exec-10] INFO  c.v.vatManager.utils.PageableUtils -  : This is the sortDirection received in the pageableUtils method. 
25-09-30 00:16:06.808 [http-nio-8080-exec-10] INFO  c.v.v.service.ClientServiceImpl - Getting all the Clients from the Database. 
25-09-30 00:16:11.930 [http-nio-8080-exec-2] INFO  c.v.vatManager.utils.PageableUtils -  : This is the sortDirection received in the pageableUtils method. 
25-09-30 00:16:11.930 [http-nio-8080-exec-2] INFO  c.v.v.service.ClientServiceImpl - Getting all the Clients from the Database. 
25-09-30 00:16:16.538 [http-nio-8080-exec-1] INFO  c.v.vatManager.utils.PageableUtils -  : This is the sortDirection received in the pageableUtils method. 
25-09-30 00:16:16.538 [http-nio-8080-exec-1] INFO  c.v.v.service.ClientServiceImpl - Getting all the Clients from the Database. 
25-09-30 00:16:18.569 [http-nio-8080-exec-3] INFO  c.v.vatManager.utils.PageableUtils -  : This is the sortDirection received in the pageableUtils method. 
25-09-30 00:16:18.569 [http-nio-8080-exec-3] INFO  c.v.v.service.ClientServiceImpl - Getting all the Clients from the Database. 
25-09-30 00:16:23.151 [http-nio-8080-exec-4] INFO  c.v.vatManager.utils.PageableUtils -  : This is the sortDirection received in the pageableUtils method. 
25-09-30 00:16:23.151 [http-nio-8080-exec-4] INFO  c.v.v.service.ClientServiceImpl - Getting all the Clients from the Database. 
25-09-30 00:16:25.117 [http-nio-8080-exec-5] INFO  c.v.vatManager.utils.PageableUtils -  : This is the sortDirection received in the pageableUtils method. 
25-09-30 00:16:25.117 [http-nio-8080-exec-5] INFO  c.v.v.service.ClientServiceImpl - Getting all the Clients from the Database. 
25-09-30 00:16:27.192 [http-nio-8080-exec-6] INFO  c.v.vatManager.utils.PageableUtils -  : This is the sortDirection received in the pageableUtils method. 
25-09-30 00:16:27.192 [http-nio-8080-exec-6] INFO  c.v.v.service.ClientServiceImpl - Getting all the Clients from the Database. 
25-09-30 00:16:34.938 [http-nio-8080-exec-7] INFO  c.v.vatManager.utils.PageableUtils -  : This is the sortDirection received in the pageableUtils method. 
25-09-30 00:16:34.938 [http-nio-8080-exec-7] INFO  c.v.v.service.ClientServiceImpl - Getting all the Clients from the Database. 
25-09-30 00:16:37.296 [http-nio-8080-exec-8] INFO  c.v.vatManager.utils.PageableUtils -  : This is the sortDirection received in the pageableUtils method. 
25-09-30 00:16:37.296 [http-nio-8080-exec-8] INFO  c.v.v.service.ClientServiceImpl - Getting all the Clients from the Database. 
25-09-30 00:16:45.038 [http-nio-8080-exec-9] INFO  c.v.vatManager.utils.PageableUtils -  : This is the sortDirection received in the pageableUtils method. 
25-09-30 00:16:45.038 [http-nio-8080-exec-9] INFO  c.v.v.service.ClientServiceImpl - Getting all the Clients from the Database. 
25-09-30 00:16:51.801 [http-nio-8080-exec-10] INFO  c.v.vatManager.utils.PageableUtils -  : This is the sortDirection received in the pageableUtils method. 
25-09-30 00:16:51.802 [http-nio-8080-exec-10] INFO  c.v.v.service.ClientServiceImpl - Getting all the Clients from the Database. 
25-09-30 00:17:12.050 [http-nio-8080-exec-2] INFO  c.v.vatManager.utils.PageableUtils -  : This is the sortDirection received in the pageableUtils method. 
25-09-30 00:17:12.050 [http-nio-8080-exec-2] INFO  c.v.v.service.ClientServiceImpl - Getting all the Clients from the Database. 
25-09-30 00:17:26.638 [http-nio-8080-exec-1] INFO  c.v.vatManager.utils.PageableUtils -  : This is the sortDirection received in the pageableUtils method. 
25-09-30 00:17:26.639 [http-nio-8080-exec-1] INFO  c.v.v.service.ClientServiceImpl - Getting all the Clients from the Database. 
25-09-30 00:17:58.749 [http-nio-8080-exec-3] INFO  c.v.vatManager.utils.PageableUtils -  : This is the sortDirection received in the pageableUtils method. 
25-09-30 00:17:58.749 [http-nio-8080-exec-3] INFO  c.v.v.service.ClientServiceImpl - Getting all the Clients from the Database. 
25-09-30 00:18:51.939 [http-nio-8080-exec-4] INFO  c.v.vatManager.utils.PageableUtils -  : This is the sortDirection received in the pageableUtils method. 
25-09-30 00:18:51.940 [http-nio-8080-exec-4] INFO  c.v.v.service.ClientServiceImpl - Getting all the Clients from the Database. 
25-09-30 00:18:55.411 [http-nio-8080-exec-5] INFO  c.v.vatManager.utils.PageableUtils -  : This is the sortDirection received in the pageableUtils method. 
25-09-30 00:18:55.411 [http-nio-8080-exec-5] INFO  c.v.v.service.ClientServiceImpl - Getting all the Clients from the Database. 
25-09-30 00:21:27.172 [RMI TCP Connection(28)-127.0.0.1] INFO  o.s.b.a.SpringApplicationAdminMXBeanRegistrar$SpringApplicationAdmin - Application shutdown requested. 
25-09-30 00:21:27.175 [RMI TCP Connection(28)-127.0.0.1] INFO  o.s.b.w.e.tomcat.GracefulShutdown - Commencing graceful shutdown. Waiting for active requests to complete 
25-09-30 00:21:27.176 [tomcat-shutdown] INFO  o.a.coyote.http11.Http11NioProtocol - Pausing ProtocolHandler ["http-nio-8080"] 
25-09-30 00:21:27.197 [tomcat-shutdown] INFO  o.s.b.w.e.tomcat.GracefulShutdown - Graceful shutdown complete 
25-09-30 00:21:27.198 [RMI TCP Connection(28)-127.0.0.1] INFO  o.a.coyote.http11.Http11NioProtocol - Stopping ProtocolHandler ["http-nio-8080"] 
25-09-30 00:21:27.202 [RMI TCP Connection(28)-127.0.0.1] INFO  o.s.o.j.LocalContainerEntityManagerFactoryBean - Closing JPA EntityManagerFactory for persistence unit 'default' 
25-09-30 00:21:27.204 [RMI TCP Connection(28)-127.0.0.1] INFO  com.zaxxer.hikari.HikariDataSource - HikariPool-1 - Shutdown initiated... 
25-09-30 00:21:27.206 [RMI TCP Connection(28)-127.0.0.1] INFO  com.zaxxer.hikari.HikariDataSource - HikariPool-1 - Shutdown completed. 
25-09-30 00:21:31.231 [background-preinit] INFO  o.h.validator.internal.util.Version - HV000001: Hibernate Validator 8.0.3.Final 
25-09-30 00:21:31.270 [restartedMain] INFO  c.v.vatManager.VatManagerApplication - Starting VatManagerApplication using Java 21.0.5 with PID 12636 (D:\SpringBoot  Projects\vatManager\target\classes started by neraz in D:\SpringBoot  Projects\vatManager) 
25-09-30 00:21:31.270 [restartedMain] INFO  c.v.vatManager.VatManagerApplication - No active profile set, falling back to 1 default profile: "default" 
25-09-30 00:21:31.306 [restartedMain] INFO  o.s.b.d.e.DevToolsPropertyDefaultsPostProcessor - Devtools property defaults active! Set 'spring.devtools.add-properties' to 'false' to disable 
25-09-30 00:21:31.306 [restartedMain] INFO  o.s.b.d.e.DevToolsPropertyDefaultsPostProcessor - For additional web related logging consider setting the 'logging.level.web' property to 'DEBUG' 
25-09-30 00:21:31.845 [restartedMain] INFO  o.s.d.r.c.RepositoryConfigurationDelegate - Bootstrapping Spring Data JPA repositories in DEFAULT mode. 
25-09-30 00:21:31.890 [restartedMain] INFO  o.s.d.r.c.RepositoryConfigurationDelegate - Finished Spring Data repository scanning in 38 ms. Found 1 JPA repository interface. 
25-09-30 00:21:32.302 [restartedMain] INFO  o.s.b.w.e.tomcat.TomcatWebServer - Tomcat initialized with port 8080 (http) 
25-09-30 00:21:32.312 [restartedMain] INFO  o.a.coyote.http11.Http11NioProtocol - Initializing ProtocolHandler ["http-nio-8080"] 
25-09-30 00:21:32.313 [restartedMain] INFO  o.a.catalina.core.StandardService - Starting service [Tomcat] 
25-09-30 00:21:32.314 [restartedMain] INFO  o.a.catalina.core.StandardEngine - Starting Servlet engine: [Apache Tomcat/10.1.44] 
25-09-30 00:21:32.363 [restartedMain] INFO  o.a.c.c.C.[Tomcat].[localhost].[/] - Initializing Spring embedded WebApplicationContext 
25-09-30 00:21:32.363 [restartedMain] INFO  o.s.b.w.s.c.ServletWebServerApplicationContext - Root WebApplicationContext: initialization completed in 1056 ms 
25-09-30 00:21:32.500 [restartedMain] INFO  o.h.jpa.internal.util.LogHelper - HHH000204: Processing PersistenceUnitInfo [name: default] 
25-09-30 00:21:32.543 [restartedMain] INFO  org.hibernate.Version - HHH000412: Hibernate ORM core version 6.6.26.Final 
25-09-30 00:21:32.570 [restartedMain] INFO  o.h.c.i.RegionFactoryInitiator - HHH000026: Second-level cache disabled 
25-09-30 00:21:32.794 [restartedMain] INFO  o.s.o.j.p.SpringPersistenceUnitInfo - No LoadTimeWeaver setup: ignoring JPA class transformer 
25-09-30 00:21:32.821 [restartedMain] INFO  com.zaxxer.hikari.HikariDataSource - HikariPool-1 - Starting... 
25-09-30 00:21:33.026 [restartedMain] INFO  com.zaxxer.hikari.pool.HikariPool - HikariPool-1 - Added connection org.sqlite.jdbc4.JDBC4Connection@d244680 
25-09-30 00:21:33.027 [restartedMain] INFO  com.zaxxer.hikari.HikariDataSource - HikariPool-1 - Start completed. 
25-09-30 00:21:33.059 [restartedMain] INFO  o.hibernate.orm.connections.pooling - HHH10001005: Database info:
	Database JDBC URL [Connecting through datasource 'HikariDataSource (HikariPool-1)']
	Database driver: undefined/unknown
	Database version: 3.50.3
	Autocommit mode: undefined/unknown
	Isolation level: undefined/unknown
	Minimum pool size: undefined/unknown
	Maximum pool size: undefined/unknown 
25-09-30 00:21:33.644 [restartedMain] INFO  o.h.e.t.j.p.i.JtaPlatformInitiator - HHH000489: No JTA platform available (set 'hibernate.transaction.jta.platform' to enable JTA platform integration) 
25-09-30 00:21:33.671 [restartedMain] INFO  o.s.o.j.LocalContainerEntityManagerFactoryBean - Initialized JPA EntityManagerFactory for persistence unit 'default' 
25-09-30 00:21:33.869 [restartedMain] INFO  o.s.d.j.r.query.QueryEnhancerFactory - Hibernate is in classpath; If applicable, HQL parser will be used. 
25-09-30 00:21:33.928 [restartedMain] WARN  o.s.b.a.o.j.JpaBaseConfiguration$JpaWebConfiguration - spring.jpa.open-in-view is enabled by default. Therefore, database queries may be performed during view rendering. Explicitly configure spring.jpa.open-in-view to disable this warning 
25-09-30 00:21:34.247 [restartedMain] INFO  o.s.b.d.a.OptionalLiveReloadServer - LiveReload server is running on port 35729 
25-09-30 00:21:34.265 [restartedMain] INFO  o.a.coyote.http11.Http11NioProtocol - Starting ProtocolHandler ["http-nio-8080"] 
25-09-30 00:21:34.280 [restartedMain] INFO  o.s.b.w.e.tomcat.TomcatWebServer - Tomcat started on port 8080 (http) with context path '/' 
25-09-30 00:21:34.287 [restartedMain] INFO  c.v.vatManager.VatManagerApplication - Started VatManagerApplication in 3.303 seconds (process running for 4.061) 
25-09-30 00:23:54.986 [http-nio-8080-exec-1] INFO  o.a.c.c.C.[Tomcat].[localhost].[/] - Initializing Spring DispatcherServlet 'dispatcherServlet' 
25-09-30 00:23:54.986 [http-nio-8080-exec-1] INFO  o.s.web.servlet.DispatcherServlet - Initializing Servlet 'dispatcherServlet' 
25-09-30 00:23:54.987 [http-nio-8080-exec-1] INFO  o.s.web.servlet.DispatcherServlet - Completed initialization in 1 ms 
25-09-30 00:23:55.044 [http-nio-8080-exec-1] INFO  c.v.vatManager.utils.PageableUtils -  : This is the sortDirection received in the pageableUtils method. 
25-09-30 00:23:55.045 [http-nio-8080-exec-1] INFO  c.v.v.service.ClientServiceImpl - Getting all the Clients from the Database. 
25-09-30 00:24:33.467 [http-nio-8080-exec-2] INFO  c.v.vatManager.utils.PageableUtils -  : This is the sortDirection received in the pageableUtils method. 
25-09-30 00:24:33.467 [http-nio-8080-exec-2] INFO  c.v.v.service.ClientServiceImpl - Getting all the Clients from the Database. 
25-09-30 00:27:17.481 [http-nio-8080-exec-4] INFO  c.v.vatManager.utils.PageableUtils -  : This is the sortDirection received in the pageableUtils method. 
25-09-30 00:27:17.481 [http-nio-8080-exec-4] INFO  c.v.v.service.ClientServiceImpl - Getting all the Clients from the Database. 
25-09-30 00:31:01.256 [http-nio-8080-exec-7] INFO  c.v.v.service.ClientServiceImpl - Getting all the Clients from the Database. 
25-09-30 00:34:26.860 [http-nio-8080-exec-9] INFO  c.v.vatManager.utils.PageableUtils -  : This is the sortDirection received in the pageableUtils method. 
25-09-30 00:34:26.861 [http-nio-8080-exec-9] INFO  c.v.v.service.ClientServiceImpl - Getting all the Clients from the Database. 
25-09-30 00:34:28.546 [http-nio-8080-exec-10] INFO  c.v.vatManager.utils.PageableUtils -  : This is the sortDirection received in the pageableUtils method. 
25-09-30 00:34:28.547 [http-nio-8080-exec-10] INFO  c.v.v.service.ClientServiceImpl - Getting all the Clients from the Database. 
25-09-30 00:34:33.867 [http-nio-8080-exec-1] INFO  c.v.vatManager.utils.PageableUtils -  : This is the sortDirection received in the pageableUtils method. 
25-09-30 00:34:33.867 [http-nio-8080-exec-1] INFO  c.v.v.service.ClientServiceImpl - Getting all the Clients from the Database. 
25-09-30 00:34:45.208 [http-nio-8080-exec-2] INFO  c.v.v.service.ClientServiceImpl - Getting all the Clients from the Database. 
25-09-30 00:34:58.162 [http-nio-8080-exec-3] INFO  c.v.vatManager.utils.PageableUtils -  : This is the sortDirection received in the pageableUtils method. 
25-09-30 00:34:58.163 [http-nio-8080-exec-3] INFO  c.v.v.service.ClientServiceImpl - Getting all the Clients from the Database. 
25-09-30 00:35:31.470 [http-nio-8080-exec-4] INFO  c.v.vatManager.utils.PageableUtils -  : This is the sortDirection received in the pageableUtils method. 
25-09-30 00:35:31.470 [http-nio-8080-exec-4] INFO  c.v.v.service.ClientServiceImpl - Getting all the Clients from the Database. 
25-09-30 00:36:47.371 [http-nio-8080-exec-6] INFO  c.v.vatManager.utils.PageableUtils -  : This is the sortDirection received in the pageableUtils method. 
25-09-30 00:36:47.371 [http-nio-8080-exec-6] INFO  c.v.v.service.ClientServiceImpl - Getting all the Clients from the Database. 
25-09-30 00:37:20.479 [http-nio-8080-exec-7] INFO  c.v.vatManager.utils.PageableUtils -  : This is the sortDirection received in the pageableUtils method. 
25-09-30 00:37:20.479 [http-nio-8080-exec-7] INFO  c.v.v.service.ClientServiceImpl - Getting all the Clients from the Database. 
25-09-30 00:38:11.183 [http-nio-8080-exec-8] INFO  c.v.vatManager.utils.PageableUtils -  : This is the sortDirection received in the pageableUtils method. 
25-09-30 00:38:11.183 [http-nio-8080-exec-8] INFO  c.v.v.service.ClientServiceImpl - Getting all the Clients from the Database. 
25-09-30 00:38:21.643 [http-nio-8080-exec-9] INFO  c.v.vatManager.utils.PageableUtils -  : This is the sortDirection received in the pageableUtils method. 
25-09-30 00:38:21.643 [http-nio-8080-exec-9] INFO  c.v.v.service.ClientServiceImpl - Getting all the Clients from the Database. 
25-09-30 00:38:30.380 [http-nio-8080-exec-10] INFO  c.v.vatManager.utils.PageableUtils -  : This is the sortDirection received in the pageableUtils method. 
25-09-30 00:38:30.380 [http-nio-8080-exec-10] INFO  c.v.v.service.ClientServiceImpl - Getting all the Clients from the Database. 
25-09-30 00:38:35.812 [http-nio-8080-exec-1] INFO  c.v.vatManager.utils.PageableUtils -  : This is the sortDirection received in the pageableUtils method. 
25-09-30 00:38:35.812 [http-nio-8080-exec-1] INFO  c.v.v.service.ClientServiceImpl - Getting all the Clients from the Database. 
25-09-30 00:39:06.283 [http-nio-8080-exec-5] INFO  c.v.vatManager.utils.PageableUtils -  : This is the sortDirection received in the pageableUtils method. 
25-09-30 00:39:06.284 [http-nio-8080-exec-5] INFO  c.v.v.service.ClientServiceImpl - Getting all the Clients from the Database. 
25-09-30 00:39:08.946 [http-nio-8080-exec-6] INFO  c.v.v.service.ClientServiceImpl - Getting all the Clients from the Database. 
25-09-30 00:42:33.691 [File Watcher] INFO  o.s.b.d.a.LocalDevToolsAutoConfiguration$RestartingClassPathChangeChangedEventListener - Restarting due to 1 class path change (0 additions, 0 deletions, 1 modification) 
25-09-30 00:42:33.694 [Thread-5] INFO  o.s.b.w.e.tomcat.GracefulShutdown - Commencing graceful shutdown. Waiting for active requests to complete 
25-09-30 00:42:33.695 [tomcat-shutdown] INFO  o.a.coyote.http11.Http11NioProtocol - Pausing ProtocolHandler ["http-nio-8080"] 
25-09-30 00:42:33.720 [tomcat-shutdown] INFO  o.s.b.w.e.tomcat.GracefulShutdown - Graceful shutdown complete 
25-09-30 00:42:33.720 [Thread-5] INFO  o.a.coyote.http11.Http11NioProtocol - Stopping ProtocolHandler ["http-nio-8080"] 
25-09-30 00:42:33.723 [Thread-5] INFO  o.s.o.j.LocalContainerEntityManagerFactoryBean - Closing JPA EntityManagerFactory for persistence unit 'default' 
25-09-30 00:42:33.726 [Thread-5] INFO  com.zaxxer.hikari.HikariDataSource - HikariPool-1 - Shutdown initiated... 
25-09-30 00:42:33.728 [Thread-5] INFO  com.zaxxer.hikari.HikariDataSource - HikariPool-1 - Shutdown completed. 
25-09-30 00:42:33.801 [restartedMain] INFO  c.v.vatManager.VatManagerApplication - Starting VatManagerApplication using Java 21.0.5 with PID 12636 (D:\SpringBoot  Projects\vatManager\target\classes started by neraz in D:\SpringBoot  Projects\vatManager) 
25-09-30 00:42:33.801 [restartedMain] INFO  c.v.vatManager.VatManagerApplication - No active profile set, falling back to 1 default profile: "default" 
25-09-30 00:42:33.967 [restartedMain] INFO  o.s.d.r.c.RepositoryConfigurationDelegate - Bootstrapping Spring Data JPA repositories in DEFAULT mode. 
25-09-30 00:42:33.978 [restartedMain] INFO  o.s.d.r.c.RepositoryConfigurationDelegate - Finished Spring Data repository scanning in 10 ms. Found 1 JPA repository interface. 
25-09-30 00:42:35.719 [background-preinit] INFO  o.h.validator.internal.util.Version - HV000001: Hibernate Validator 8.0.3.Final 
25-09-30 00:42:35.760 [restartedMain] INFO  c.v.vatManager.VatManagerApplication - Starting VatManagerApplication using Java 21.0.5 with PID 5288 (D:\SpringBoot  Projects\vatManager\target\classes started by neraz in D:\SpringBoot  Projects\vatManager) 
25-09-30 00:42:35.761 [restartedMain] INFO  c.v.vatManager.VatManagerApplication - No active profile set, falling back to 1 default profile: "default" 
25-09-30 00:42:35.798 [restartedMain] INFO  o.s.b.d.e.DevToolsPropertyDefaultsPostProcessor - Devtools property defaults active! Set 'spring.devtools.add-properties' to 'false' to disable 
25-09-30 00:42:35.798 [restartedMain] INFO  o.s.b.d.e.DevToolsPropertyDefaultsPostProcessor - For additional web related logging consider setting the 'logging.level.web' property to 'DEBUG' 
25-09-30 00:42:36.352 [restartedMain] INFO  o.s.d.r.c.RepositoryConfigurationDelegate - Bootstrapping Spring Data JPA repositories in DEFAULT mode. 
25-09-30 00:42:36.399 [restartedMain] INFO  o.s.d.r.c.RepositoryConfigurationDelegate - Finished Spring Data repository scanning in 37 ms. Found 1 JPA repository interface. 
25-09-30 00:42:36.832 [restartedMain] INFO  o.s.b.w.e.tomcat.TomcatWebServer - Tomcat initialized with port 8080 (http) 
25-09-30 00:42:36.847 [restartedMain] INFO  o.a.coyote.http11.Http11NioProtocol - Initializing ProtocolHandler ["http-nio-8080"] 
25-09-30 00:42:36.849 [restartedMain] INFO  o.a.catalina.core.StandardService - Starting service [Tomcat] 
25-09-30 00:42:36.849 [restartedMain] INFO  o.a.catalina.core.StandardEngine - Starting Servlet engine: [Apache Tomcat/10.1.44] 
25-09-30 00:42:36.894 [restartedMain] INFO  o.a.c.c.C.[Tomcat].[localhost].[/] - Initializing Spring embedded WebApplicationContext 
25-09-30 00:42:36.894 [restartedMain] INFO  o.s.b.w.s.c.ServletWebServerApplicationContext - Root WebApplicationContext: initialization completed in 1095 ms 
25-09-30 00:42:37.033 [restartedMain] INFO  o.h.jpa.internal.util.LogHelper - HHH000204: Processing PersistenceUnitInfo [name: default] 
25-09-30 00:42:37.074 [restartedMain] INFO  org.hibernate.Version - HHH000412: Hibernate ORM core version 6.6.26.Final 
25-09-30 00:42:37.101 [restartedMain] INFO  o.h.c.i.RegionFactoryInitiator - HHH000026: Second-level cache disabled 
25-09-30 00:42:37.320 [restartedMain] INFO  o.s.o.j.p.SpringPersistenceUnitInfo - No LoadTimeWeaver setup: ignoring JPA class transformer 
25-09-30 00:42:37.344 [restartedMain] INFO  com.zaxxer.hikari.HikariDataSource - HikariPool-1 - Starting... 
25-09-30 00:42:37.550 [restartedMain] INFO  com.zaxxer.hikari.pool.HikariPool - HikariPool-1 - Added connection org.sqlite.jdbc4.JDBC4Connection@4b7f0e9a 
25-09-30 00:42:37.551 [restartedMain] INFO  com.zaxxer.hikari.HikariDataSource - HikariPool-1 - Start completed. 
25-09-30 00:42:37.584 [restartedMain] INFO  o.hibernate.orm.connections.pooling - HHH10001005: Database info:
	Database JDBC URL [Connecting through datasource 'HikariDataSource (HikariPool-1)']
	Database driver: undefined/unknown
	Database version: 3.50.3
	Autocommit mode: undefined/unknown
	Isolation level: undefined/unknown
	Minimum pool size: undefined/unknown
	Maximum pool size: undefined/unknown 
25-09-30 00:42:38.245 [restartedMain] INFO  o.h.e.t.j.p.i.JtaPlatformInitiator - HHH000489: No JTA platform available (set 'hibernate.transaction.jta.platform' to enable JTA platform integration) 
25-09-30 00:42:38.279 [restartedMain] INFO  o.s.o.j.LocalContainerEntityManagerFactoryBean - Initialized JPA EntityManagerFactory for persistence unit 'default' 
25-09-30 00:42:38.496 [restartedMain] INFO  o.s.d.j.r.query.QueryEnhancerFactory - Hibernate is in classpath; If applicable, HQL parser will be used. 
25-09-30 00:42:38.560 [restartedMain] WARN  o.s.b.a.o.j.JpaBaseConfiguration$JpaWebConfiguration - spring.jpa.open-in-view is enabled by default. Therefore, database queries may be performed during view rendering. Explicitly configure spring.jpa.open-in-view to disable this warning 
25-09-30 00:42:38.936 [restartedMain] INFO  o.s.b.d.a.OptionalLiveReloadServer - LiveReload server is running on port 35729 
25-09-30 00:42:38.955 [restartedMain] INFO  o.a.coyote.http11.Http11NioProtocol - Starting ProtocolHandler ["http-nio-8080"] 
25-09-30 00:42:38.971 [restartedMain] INFO  o.s.b.w.e.tomcat.TomcatWebServer - Tomcat started on port 8080 (http) with context path '/' 
25-09-30 00:42:38.978 [restartedMain] INFO  c.v.vatManager.VatManagerApplication - Started VatManagerApplication in 3.501 seconds (process running for 4.221) 
25-09-30 00:43:02.725 [http-nio-8080-exec-1] INFO  o.a.c.c.C.[Tomcat].[localhost].[/] - Initializing Spring DispatcherServlet 'dispatcherServlet' 
25-09-30 00:43:02.725 [http-nio-8080-exec-1] INFO  o.s.web.servlet.DispatcherServlet - Initializing Servlet 'dispatcherServlet' 
25-09-30 00:43:02.726 [http-nio-8080-exec-1] INFO  o.s.web.servlet.DispatcherServlet - Completed initialization in 1 ms 
25-09-30 00:43:02.765 [http-nio-8080-exec-1] INFO  c.v.v.service.ClientServiceImpl - Getting all the Clients from the Database. 
25-09-30 00:46:13.887 [RMI TCP Connection(13)-127.0.0.1] INFO  o.s.b.a.SpringApplicationAdminMXBeanRegistrar$SpringApplicationAdmin - Application shutdown requested. 
25-09-30 00:46:13.889 [RMI TCP Connection(13)-127.0.0.1] INFO  o.s.b.w.e.tomcat.GracefulShutdown - Commencing graceful shutdown. Waiting for active requests to complete 
25-09-30 00:46:13.890 [tomcat-shutdown] INFO  o.a.coyote.http11.Http11NioProtocol - Pausing ProtocolHandler ["http-nio-8080"] 
25-09-30 00:46:13.912 [tomcat-shutdown] INFO  o.s.b.w.e.tomcat.GracefulShutdown - Graceful shutdown complete 
25-09-30 00:46:13.913 [RMI TCP Connection(13)-127.0.0.1] INFO  o.a.coyote.http11.Http11NioProtocol - Stopping ProtocolHandler ["http-nio-8080"] 
25-09-30 00:46:13.916 [RMI TCP Connection(13)-127.0.0.1] INFO  o.s.o.j.LocalContainerEntityManagerFactoryBean - Closing JPA EntityManagerFactory for persistence unit 'default' 
25-09-30 00:46:13.918 [RMI TCP Connection(13)-127.0.0.1] INFO  com.zaxxer.hikari.HikariDataSource - HikariPool-1 - Shutdown initiated... 
25-09-30 00:46:13.921 [RMI TCP Connection(13)-127.0.0.1] INFO  com.zaxxer.hikari.HikariDataSource - HikariPool-1 - Shutdown completed. 
25-09-30 20:42:18.825 [main] INFO  c.v.v.service.ClientServiceImpl - Getting all the Clients from the Database. 
25-09-30 20:42:19.015 [main] INFO  o.s.t.c.s.AnnotationConfigContextLoaderUtils - Could not detect default configuration classes for test class [com.vatManager.vatManager.VatManagerApplicationTests]: VatManagerApplicationTests does not declare any static, non-private, non-final, nested classes annotated with @Configuration. 
25-09-30 20:42:19.163 [main] INFO  o.s.b.t.c.SpringBootTestContextBootstrapper - Found @SpringBootConfiguration com.vatManager.vatManager.VatManagerApplication for test class com.vatManager.vatManager.VatManagerApplicationTests 
25-09-30 20:42:19.342 [main] INFO  o.s.b.d.r.RestartApplicationListener - Restart disabled due to context in which it is running 
25-09-30 20:42:19.584 [background-preinit] INFO  o.h.validator.internal.util.Version - HV000001: Hibernate Validator 8.0.3.Final 
25-09-30 20:42:19.620 [main] INFO  c.v.v.VatManagerApplicationTests - Starting VatManagerApplicationTests using Java 21.0.5 with PID 23096 (started by neraz in D:\SpringBoot  Projects\vatManager) 
25-09-30 20:42:19.621 [main] INFO  c.v.v.VatManagerApplicationTests - No active profile set, falling back to 1 default profile: "default" 
25-09-30 20:42:20.575 [main] INFO  o.s.d.r.c.RepositoryConfigurationDelegate - Bootstrapping Spring Data JPA repositories in DEFAULT mode. 
25-09-30 20:42:20.658 [main] INFO  o.s.d.r.c.RepositoryConfigurationDelegate - Finished Spring Data repository scanning in 61 ms. Found 1 JPA repository interface. 
25-09-30 20:42:21.251 [main] INFO  o.h.jpa.internal.util.LogHelper - HHH000204: Processing PersistenceUnitInfo [name: default] 
25-09-30 20:42:21.342 [main] INFO  org.hibernate.Version - HHH000412: Hibernate ORM core version 6.6.26.Final 
25-09-30 20:42:21.394 [main] INFO  o.h.c.i.RegionFactoryInitiator - HHH000026: Second-level cache disabled 
25-09-30 20:42:21.544 [main] INFO  o.s.o.j.p.SpringPersistenceUnitInfo - No LoadTimeWeaver setup: ignoring JPA class transformer 
25-09-30 20:42:21.578 [main] INFO  com.zaxxer.hikari.HikariDataSource - HikariPool-1 - Starting... 
25-09-30 20:42:21.780 [main] INFO  com.zaxxer.hikari.pool.HikariPool - HikariPool-1 - Added connection org.sqlite.jdbc4.JDBC4Connection@5a31abe9 
25-09-30 20:42:21.788 [main] INFO  com.zaxxer.hikari.HikariDataSource - HikariPool-1 - Start completed. 
25-09-30 20:42:21.831 [main] INFO  o.hibernate.orm.connections.pooling - HHH10001005: Database info:
	Database JDBC URL [Connecting through datasource 'HikariDataSource (HikariPool-1)']
	Database driver: undefined/unknown
	Database version: 3.50.3
	Autocommit mode: undefined/unknown
	Isolation level: undefined/unknown
	Minimum pool size: undefined/unknown
	Maximum pool size: undefined/unknown 
25-09-30 20:42:22.494 [main] INFO  o.h.e.t.j.p.i.JtaPlatformInitiator - HHH000489: No JTA platform available (set 'hibernate.transaction.jta.platform' to enable JTA platform integration) 
25-09-30 20:42:22.530 [main] INFO  o.s.o.j.LocalContainerEntityManagerFactoryBean - Initialized JPA EntityManagerFactory for persistence unit 'default' 
25-09-30 20:42:22.818 [main] INFO  o.s.d.j.r.query.QueryEnhancerFactory - Hibernate is in classpath; If applicable, HQL parser will be used. 
25-09-30 20:42:22.999 [main] WARN  o.s.b.a.o.j.JpaBaseConfiguration$JpaWebConfiguration - spring.jpa.open-in-view is enabled by default. Therefore, database queries may be performed during view rendering. Explicitly configure spring.jpa.open-in-view to disable this warning 
25-09-30 20:42:23.084 [main] INFO  o.s.b.a.w.s.WelcomePageHandlerMapping - Adding welcome page: class path resource [static/index.html] 
25-09-30 20:42:23.464 [main] INFO  c.v.v.VatManagerApplicationTests - Started VatManagerApplicationTests in 4.134 seconds (process running for 6.849) 
25-09-30 20:42:23.534 [SpringApplicationShutdownHook] INFO  o.s.o.j.LocalContainerEntityManagerFactoryBean - Closing JPA EntityManagerFactory for persistence unit 'default' 
25-09-30 20:42:23.536 [SpringApplicationShutdownHook] INFO  com.zaxxer.hikari.HikariDataSource - HikariPool-1 - Shutdown initiated... 
25-09-30 20:42:23.539 [SpringApplicationShutdownHook] INFO  com.zaxxer.hikari.HikariDataSource - HikariPool-1 - Shutdown completed. 
25-09-30 20:47:59.423 [main] INFO  c.v.v.service.ClientServiceImpl - Getting all the Clients from the Database. 
25-09-30 20:47:59.588 [main] INFO  o.s.t.c.s.AnnotationConfigContextLoaderUtils - Could not detect default configuration classes for test class [com.vatManager.vatManager.VatManagerApplicationTests]: VatManagerApplicationTests does not declare any static, non-private, non-final, nested classes annotated with @Configuration. 
25-09-30 20:47:59.736 [main] INFO  o.s.b.t.c.SpringBootTestContextBootstrapper - Found @SpringBootConfiguration com.vatManager.vatManager.VatManagerApplication for test class com.vatManager.vatManager.VatManagerApplicationTests 
25-09-30 20:47:59.896 [main] INFO  o.s.b.d.r.RestartApplicationListener - Restart disabled due to context in which it is running 
25-09-30 20:48:00.166 [background-preinit] INFO  o.h.validator.internal.util.Version - HV000001: Hibernate Validator 8.0.3.Final 
25-09-30 20:48:00.200 [main] INFO  c.v.v.VatManagerApplicationTests - Starting VatManagerApplicationTests using Java 21.0.5 with PID 1124 (started by neraz in D:\SpringBoot  Projects\vatManager) 
25-09-30 20:48:00.201 [main] INFO  c.v.v.VatManagerApplicationTests - No active profile set, falling back to 1 default profile: "default" 
25-09-30 20:48:01.029 [main] INFO  o.s.d.r.c.RepositoryConfigurationDelegate - Bootstrapping Spring Data JPA repositories in DEFAULT mode. 
25-09-30 20:48:01.107 [main] INFO  o.s.d.r.c.RepositoryConfigurationDelegate - Finished Spring Data repository scanning in 61 ms. Found 1 JPA repository interface. 
25-09-30 20:48:01.671 [main] INFO  o.h.jpa.internal.util.LogHelper - HHH000204: Processing PersistenceUnitInfo [name: default] 
25-09-30 20:48:01.729 [main] INFO  org.hibernate.Version - HHH000412: Hibernate ORM core version 6.6.26.Final 
25-09-30 20:48:01.771 [main] INFO  o.h.c.i.RegionFactoryInitiator - HHH000026: Second-level cache disabled 
25-09-30 20:48:01.900 [main] INFO  o.s.o.j.p.SpringPersistenceUnitInfo - No LoadTimeWeaver setup: ignoring JPA class transformer 
25-09-30 20:48:01.936 [main] INFO  com.zaxxer.hikari.HikariDataSource - HikariPool-1 - Starting... 
25-09-30 20:48:02.121 [main] INFO  com.zaxxer.hikari.pool.HikariPool - HikariPool-1 - Added connection org.sqlite.jdbc4.JDBC4Connection@73d8c8d7 
25-09-30 20:48:02.123 [main] INFO  com.zaxxer.hikari.HikariDataSource - HikariPool-1 - Start completed. 
25-09-30 20:48:02.162 [main] INFO  o.hibernate.orm.connections.pooling - HHH10001005: Database info:
	Database JDBC URL [Connecting through datasource 'HikariDataSource (HikariPool-1)']
	Database driver: undefined/unknown
	Database version: 3.50.3
	Autocommit mode: undefined/unknown
	Isolation level: undefined/unknown
	Minimum pool size: undefined/unknown
	Maximum pool size: undefined/unknown 
25-09-30 20:48:02.751 [main] INFO  o.h.e.t.j.p.i.JtaPlatformInitiator - HHH000489: No JTA platform available (set 'hibernate.transaction.jta.platform' to enable JTA platform integration) 
25-09-30 20:48:02.782 [main] INFO  o.s.o.j.LocalContainerEntityManagerFactoryBean - Initialized JPA EntityManagerFactory for persistence unit 'default' 
25-09-30 20:48:03.048 [main] INFO  o.s.d.j.r.query.QueryEnhancerFactory - Hibernate is in classpath; If applicable, HQL parser will be used. 
25-09-30 20:48:03.229 [main] WARN  o.s.b.a.o.j.JpaBaseConfiguration$JpaWebConfiguration - spring.jpa.open-in-view is enabled by default. Therefore, database queries may be performed during view rendering. Explicitly configure spring.jpa.open-in-view to disable this warning 
25-09-30 20:48:03.315 [main] INFO  o.s.b.a.w.s.WelcomePageHandlerMapping - Adding welcome page: class path resource [static/index.html] 
25-09-30 20:48:03.690 [main] INFO  c.v.v.VatManagerApplicationTests - Started VatManagerApplicationTests in 3.807 seconds (process running for 6.385) 
25-09-30 20:48:03.768 [SpringApplicationShutdownHook] INFO  o.s.o.j.LocalContainerEntityManagerFactoryBean - Closing JPA EntityManagerFactory for persistence unit 'default' 
25-09-30 20:48:03.771 [SpringApplicationShutdownHook] INFO  com.zaxxer.hikari.HikariDataSource - HikariPool-1 - Shutdown initiated... 
25-09-30 20:48:03.774 [SpringApplicationShutdownHook] INFO  com.zaxxer.hikari.HikariDataSource - HikariPool-1 - Shutdown completed. 
25-09-30 20:50:03.323 [main] INFO  c.v.v.service.ClientServiceImpl - Getting all the Clients from the Database. 
25-09-30 20:50:03.517 [main] INFO  o.s.t.c.s.AnnotationConfigContextLoaderUtils - Could not detect default configuration classes for test class [com.vatManager.vatManager.VatManagerApplicationTests]: VatManagerApplicationTests does not declare any static, non-private, non-final, nested classes annotated with @Configuration. 
25-09-30 20:50:03.663 [main] INFO  o.s.b.t.c.SpringBootTestContextBootstrapper - Found @SpringBootConfiguration com.vatManager.vatManager.VatManagerApplication for test class com.vatManager.vatManager.VatManagerApplicationTests 
25-09-30 20:50:03.833 [main] INFO  o.s.b.d.r.RestartApplicationListener - Restart disabled due to context in which it is running 
25-09-30 20:50:04.071 [background-preinit] INFO  o.h.validator.internal.util.Version - HV000001: Hibernate Validator 8.0.3.Final 
25-09-30 20:50:04.103 [main] INFO  c.v.v.VatManagerApplicationTests - Starting VatManagerApplicationTests using Java 21.0.5 with PID 24548 (started by neraz in D:\SpringBoot  Projects\vatManager) 
25-09-30 20:50:04.104 [main] INFO  c.v.v.VatManagerApplicationTests - No active profile set, falling back to 1 default profile: "default" 
25-09-30 20:50:04.879 [main] INFO  o.s.d.r.c.RepositoryConfigurationDelegate - Bootstrapping Spring Data JPA repositories in DEFAULT mode. 
25-09-30 20:50:04.948 [main] INFO  o.s.d.r.c.RepositoryConfigurationDelegate - Finished Spring Data repository scanning in 59 ms. Found 1 JPA repository interface. 
25-09-30 20:50:05.494 [main] INFO  o.h.jpa.internal.util.LogHelper - HHH000204: Processing PersistenceUnitInfo [name: default] 
25-09-30 20:50:05.565 [main] INFO  org.hibernate.Version - HHH000412: Hibernate ORM core version 6.6.26.Final 
25-09-30 20:50:05.610 [main] INFO  o.h.c.i.RegionFactoryInitiator - HHH000026: Second-level cache disabled 
25-09-30 20:50:05.760 [main] INFO  o.s.o.j.p.SpringPersistenceUnitInfo - No LoadTimeWeaver setup: ignoring JPA class transformer 
25-09-30 20:50:05.801 [main] INFO  com.zaxxer.hikari.HikariDataSource - HikariPool-1 - Starting... 
25-09-30 20:50:05.988 [main] INFO  com.zaxxer.hikari.pool.HikariPool - HikariPool-1 - Added connection org.sqlite.jdbc4.JDBC4Connection@5c316230 
25-09-30 20:50:05.989 [main] INFO  com.zaxxer.hikari.HikariDataSource - HikariPool-1 - Start completed. 
25-09-30 20:50:06.028 [main] INFO  o.hibernate.orm.connections.pooling - HHH10001005: Database info:
	Database JDBC URL [Connecting through datasource 'HikariDataSource (HikariPool-1)']
	Database driver: undefined/unknown
	Database version: 3.50.3
	Autocommit mode: undefined/unknown
	Isolation level: undefined/unknown
	Minimum pool size: undefined/unknown
	Maximum pool size: undefined/unknown 
25-09-30 20:50:06.667 [main] INFO  o.h.e.t.j.p.i.JtaPlatformInitiator - HHH000489: No JTA platform available (set 'hibernate.transaction.jta.platform' to enable JTA platform integration) 
25-09-30 20:50:06.699 [main] INFO  o.s.o.j.LocalContainerEntityManagerFactoryBean - Initialized JPA EntityManagerFactory for persistence unit 'default' 
25-09-30 20:50:06.969 [main] INFO  o.s.d.j.r.query.QueryEnhancerFactory - Hibernate is in classpath; If applicable, HQL parser will be used. 
25-09-30 20:50:07.146 [main] WARN  o.s.b.a.o.j.JpaBaseConfiguration$JpaWebConfiguration - spring.jpa.open-in-view is enabled by default. Therefore, database queries may be performed during view rendering. Explicitly configure spring.jpa.open-in-view to disable this warning 
25-09-30 20:50:07.230 [main] INFO  o.s.b.a.w.s.WelcomePageHandlerMapping - Adding welcome page: class path resource [static/index.html] 
25-09-30 20:50:07.595 [main] INFO  c.v.v.VatManagerApplicationTests - Started VatManagerApplicationTests in 3.779 seconds (process running for 6.281) 
25-09-30 20:50:07.666 [SpringApplicationShutdownHook] INFO  o.s.o.j.LocalContainerEntityManagerFactoryBean - Closing JPA EntityManagerFactory for persistence unit 'default' 
25-09-30 20:50:07.668 [SpringApplicationShutdownHook] INFO  com.zaxxer.hikari.HikariDataSource - HikariPool-1 - Shutdown initiated... 
25-09-30 20:50:07.670 [SpringApplicationShutdownHook] INFO  com.zaxxer.hikari.HikariDataSource - HikariPool-1 - Shutdown completed. 
25-09-30 20:53:04.084 [background-preinit] INFO  o.h.validator.internal.util.Version - HV000001: Hibernate Validator 8.0.3.Final 
25-09-30 20:53:04.173 [main] INFO  c.v.vatManager.VatManagerApplication - Starting VatManagerApplication v0.0.1-SNAPSHOT using Java 21.0.5 with PID 23052 (D:\SpringBoot  Projects\vatManager\target\vatManager-0.0.1-SNAPSHOT.jar started by neraz in D:\SpringBoot  Projects\vatManager) 
25-09-30 20:53:04.174 [main] INFO  c.v.vatManager.VatManagerApplication - No active profile set, falling back to 1 default profile: "default" 
25-09-30 20:53:05.073 [main] INFO  o.s.d.r.c.RepositoryConfigurationDelegate - Bootstrapping Spring Data JPA repositories in DEFAULT mode. 
25-09-30 20:53:05.146 [main] INFO  o.s.d.r.c.RepositoryConfigurationDelegate - Finished Spring Data repository scanning in 58 ms. Found 1 JPA repository interface. 
25-09-30 20:53:05.791 [main] INFO  o.s.b.w.e.tomcat.TomcatWebServer - Tomcat initialized with port 8080 (http) 
25-09-30 20:53:05.805 [main] INFO  o.a.coyote.http11.Http11NioProtocol - Initializing ProtocolHandler ["http-nio-8080"] 
25-09-30 20:53:05.809 [main] INFO  o.a.catalina.core.StandardService - Starting service [Tomcat] 
25-09-30 20:53:05.809 [main] INFO  o.a.catalina.core.StandardEngine - Starting Servlet engine: [Apache Tomcat/10.1.44] 
25-09-30 20:53:05.841 [main] INFO  o.a.c.c.C.[Tomcat].[localhost].[/] - Initializing Spring embedded WebApplicationContext 
25-09-30 20:53:05.842 [main] INFO  o.s.b.w.s.c.ServletWebServerApplicationContext - Root WebApplicationContext: initialization completed in 1603 ms 
25-09-30 20:53:06.073 [main] INFO  o.h.jpa.internal.util.LogHelper - HHH000204: Processing PersistenceUnitInfo [name: default] 
25-09-30 20:53:06.141 [main] INFO  org.hibernate.Version - HHH000412: Hibernate ORM core version 6.6.26.Final 
25-09-30 20:53:06.188 [main] INFO  o.h.c.i.RegionFactoryInitiator - HHH000026: Second-level cache disabled 
25-09-30 20:53:06.481 [main] INFO  o.s.o.j.p.SpringPersistenceUnitInfo - No LoadTimeWeaver setup: ignoring JPA class transformer 
25-09-30 20:53:06.518 [main] INFO  com.zaxxer.hikari.HikariDataSource - HikariPool-1 - Starting... 
25-09-30 20:53:06.710 [main] INFO  com.zaxxer.hikari.pool.HikariPool - HikariPool-1 - Added connection org.sqlite.jdbc4.JDBC4Connection@40cf6254 
25-09-30 20:53:06.712 [main] INFO  com.zaxxer.hikari.HikariDataSource - HikariPool-1 - Start completed. 
25-09-30 20:53:06.746 [main] INFO  o.hibernate.orm.connections.pooling - HHH10001005: Database info:
	Database JDBC URL [Connecting through datasource 'HikariDataSource (HikariPool-1)']
	Database driver: undefined/unknown
	Database version: 3.50.3
	Autocommit mode: undefined/unknown
	Isolation level: undefined/unknown
	Minimum pool size: undefined/unknown
	Maximum pool size: undefined/unknown 
25-09-30 20:53:07.381 [main] INFO  o.h.e.t.j.p.i.JtaPlatformInitiator - HHH000489: No JTA platform available (set 'hibernate.transaction.jta.platform' to enable JTA platform integration) 
25-09-30 20:53:07.412 [main] INFO  o.s.o.j.LocalContainerEntityManagerFactoryBean - Initialized JPA EntityManagerFactory for persistence unit 'default' 
25-09-30 20:53:07.692 [main] INFO  o.s.d.j.r.query.QueryEnhancerFactory - Hibernate is in classpath; If applicable, HQL parser will be used. 
25-09-30 20:53:07.781 [main] WARN  o.s.b.a.o.j.JpaBaseConfiguration$JpaWebConfiguration - spring.jpa.open-in-view is enabled by default. Therefore, database queries may be performed during view rendering. Explicitly configure spring.jpa.open-in-view to disable this warning 
25-09-30 20:53:07.879 [main] INFO  o.s.b.a.w.s.WelcomePageHandlerMapping - Adding welcome page: class path resource [static/index.html] 
25-09-30 20:53:08.277 [main] INFO  o.a.coyote.http11.Http11NioProtocol - Starting ProtocolHandler ["http-nio-8080"] 
25-09-30 20:53:08.304 [main] INFO  o.s.b.w.e.tomcat.TomcatWebServer - Tomcat started on port 8080 (http) with context path '/' 
25-09-30 20:53:08.325 [main] INFO  c.v.vatManager.VatManagerApplication - Started VatManagerApplication in 4.622 seconds (process running for 5.416) 
25-09-30 20:53:28.769 [http-nio-8080-exec-1] INFO  o.a.c.c.C.[Tomcat].[localhost].[/] - Initializing Spring DispatcherServlet 'dispatcherServlet' 
25-09-30 20:53:28.770 [http-nio-8080-exec-1] INFO  o.s.web.servlet.DispatcherServlet - Initializing Servlet 'dispatcherServlet' 
25-09-30 20:53:28.771 [http-nio-8080-exec-1] INFO  o.s.web.servlet.DispatcherServlet - Completed initialization in 1 ms 
25-09-30 20:53:29.019 [http-nio-8080-exec-5] INFO  c.v.vatManager.utils.PageableUtils -  : This is the sortDirection received in the pageableUtils method. 
25-09-30 20:53:29.019 [http-nio-8080-exec-5] INFO  c.v.v.service.ClientServiceImpl - Getting all the Clients from the Database. 
25-09-30 20:53:35.289 [http-nio-8080-exec-7] INFO  c.v.vatManager.utils.PageableUtils -  : This is the sortDirection received in the pageableUtils method. 
25-09-30 20:53:35.289 [http-nio-8080-exec-7] INFO  c.v.v.service.ClientServiceImpl - Getting all the Clients from the Database. 
25-09-30 20:53:38.155 [http-nio-8080-exec-8] INFO  c.v.vatManager.utils.PageableUtils -  : This is the sortDirection received in the pageableUtils method. 
25-09-30 20:53:38.156 [http-nio-8080-exec-8] INFO  c.v.v.service.ClientServiceImpl - Getting all the Clients from the Database. 
25-09-30 20:53:39.354 [http-nio-8080-exec-9] INFO  c.v.vatManager.utils.PageableUtils -  : This is the sortDirection received in the pageableUtils method. 
25-09-30 20:53:39.355 [http-nio-8080-exec-9] INFO  c.v.v.service.ClientServiceImpl - Getting all the Clients from the Database. 
25-09-30 20:53:39.750 [http-nio-8080-exec-10] INFO  c.v.vatManager.utils.PageableUtils - asc : This is the sortDirection received in the pageableUtils method. 
25-09-30 20:53:39.750 [http-nio-8080-exec-10] INFO  c.v.v.service.ClientServiceImpl - Getting all the Clients from the Database. 
25-09-30 20:53:40.006 [http-nio-8080-exec-1] INFO  c.v.vatManager.utils.PageableUtils - asc : This is the sortDirection received in the pageableUtils method. 
25-09-30 20:53:40.006 [http-nio-8080-exec-1] INFO  c.v.v.service.ClientServiceImpl - Getting all the Clients from the Database. 
25-09-30 20:53:40.418 [http-nio-8080-exec-2] INFO  c.v.vatManager.utils.PageableUtils - desc : This is the sortDirection received in the pageableUtils method. 
25-09-30 20:53:40.418 [http-nio-8080-exec-2] INFO  c.v.v.service.ClientServiceImpl - Getting all the Clients from the Database. 
25-09-30 20:53:41.320 [http-nio-8080-exec-3] INFO  c.v.vatManager.utils.PageableUtils - desc : This is the sortDirection received in the pageableUtils method. 
25-09-30 20:53:41.321 [http-nio-8080-exec-3] INFO  c.v.v.service.ClientServiceImpl - Getting all the Clients from the Database. 
25-09-30 20:53:41.701 [http-nio-8080-exec-4] INFO  c.v.vatManager.utils.PageableUtils - asc : This is the sortDirection received in the pageableUtils method. 
25-09-30 20:53:41.701 [http-nio-8080-exec-4] INFO  c.v.v.service.ClientServiceImpl - Getting all the Clients from the Database. 
25-09-30 20:53:43.269 [http-nio-8080-exec-6] INFO  c.v.vatManager.utils.PageableUtils - asc : This is the sortDirection received in the pageableUtils method. 
25-09-30 20:53:43.270 [http-nio-8080-exec-6] INFO  c.v.v.service.ClientServiceImpl - Getting all the Clients from the Database. 
25-09-30 20:53:45.646 [http-nio-8080-exec-5] INFO  c.v.vatManager.utils.PageableUtils - asc : This is the sortDirection received in the pageableUtils method. 
25-09-30 20:53:45.647 [http-nio-8080-exec-5] INFO  c.v.v.service.ClientServiceImpl - Getting all the Clients from the Database. 
25-09-30 20:53:46.033 [http-nio-8080-exec-7] INFO  c.v.vatManager.utils.PageableUtils - desc : This is the sortDirection received in the pageableUtils method. 
25-09-30 20:53:46.034 [http-nio-8080-exec-7] INFO  c.v.v.service.ClientServiceImpl - Getting all the Clients from the Database. 
25-09-30 20:53:48.262 [http-nio-8080-exec-8] INFO  c.v.v.service.ClientServiceImpl - Getting all the Clients from the Database. 
25-09-30 20:54:13.600 [http-nio-8080-exec-10] INFO  c.v.vatManager.utils.PageableUtils - desc : This is the sortDirection received in the pageableUtils method. 
25-09-30 20:54:13.600 [http-nio-8080-exec-10] INFO  c.v.v.service.ClientServiceImpl - Getting all the Clients from the Database. 
25-09-30 20:55:42.310 [SpringApplicationShutdownHook] INFO  o.s.b.w.e.tomcat.GracefulShutdown - Commencing graceful shutdown. Waiting for active requests to complete 
25-09-30 20:55:42.336 [tomcat-shutdown] INFO  o.s.b.w.e.tomcat.GracefulShutdown - Graceful shutdown complete 
25-09-30 20:55:42.340 [SpringApplicationShutdownHook] INFO  o.s.o.j.LocalContainerEntityManagerFactoryBean - Closing JPA EntityManagerFactory for persistence unit 'default' 
25-09-30 20:55:42.341 [SpringApplicationShutdownHook] INFO  com.zaxxer.hikari.HikariDataSource - HikariPool-1 - Shutdown initiated... 
25-09-30 20:55:42.343 [SpringApplicationShutdownHook] INFO  com.zaxxer.hikari.HikariDataSource - HikariPool-1 - Shutdown completed. 
25-09-30 22:12:28.364 [background-preinit] INFO  o.h.validator.internal.util.Version - HV000001: Hibernate Validator 8.0.3.Final 
25-09-30 22:12:28.477 [main] INFO  c.v.vatManager.VatManagerApplication - Starting VatManagerApplication v0.0.1-SNAPSHOT using Java 21.0.5 with PID 20452 (D:\SpringBoot  Projects\vatManager\target\TDS-ClientManager.jar started by neraz in D:\SpringBoot  Projects\vatManager) 
25-09-30 22:12:28.479 [main] INFO  c.v.vatManager.VatManagerApplication - No active profile set, falling back to 1 default profile: "default" 
25-09-30 22:12:29.594 [main] INFO  o.s.d.r.c.RepositoryConfigurationDelegate - Bootstrapping Spring Data JPA repositories in DEFAULT mode. 
25-09-30 22:12:29.681 [main] INFO  o.s.d.r.c.RepositoryConfigurationDelegate - Finished Spring Data repository scanning in 74 ms. Found 1 JPA repository interface. 
25-09-30 22:12:30.525 [main] INFO  o.s.b.w.e.tomcat.TomcatWebServer - Tomcat initialized with port 8080 (http) 
25-09-30 22:12:30.537 [main] INFO  o.a.coyote.http11.Http11NioProtocol - Initializing ProtocolHandler ["http-nio-8080"] 
25-09-30 22:12:30.540 [main] INFO  o.a.catalina.core.StandardService - Starting service [Tomcat] 
25-09-30 22:12:30.541 [main] INFO  o.a.catalina.core.StandardEngine - Starting Servlet engine: [Apache Tomcat/10.1.44] 
25-09-30 22:12:30.576 [main] INFO  o.a.c.c.C.[Tomcat].[localhost].[/] - Initializing Spring embedded WebApplicationContext 
25-09-30 22:12:30.577 [main] INFO  o.s.b.w.s.c.ServletWebServerApplicationContext - Root WebApplicationContext: initialization completed in 2017 ms 
25-09-30 22:12:30.797 [main] INFO  o.h.jpa.internal.util.LogHelper - HHH000204: Processing PersistenceUnitInfo [name: default] 
25-09-30 22:12:30.900 [main] INFO  org.hibernate.Version - HHH000412: Hibernate ORM core version 6.6.26.Final 
25-09-30 22:12:30.956 [main] INFO  o.h.c.i.RegionFactoryInitiator - HHH000026: Second-level cache disabled 
25-09-30 22:12:31.353 [main] INFO  o.s.o.j.p.SpringPersistenceUnitInfo - No LoadTimeWeaver setup: ignoring JPA class transformer 
25-09-30 22:12:31.391 [main] INFO  com.zaxxer.hikari.HikariDataSource - HikariPool-1 - Starting... 
25-09-30 22:12:31.599 [main] INFO  com.zaxxer.hikari.pool.HikariPool - HikariPool-1 - Added connection org.sqlite.jdbc4.JDBC4Connection@3f06ebe0 
25-09-30 22:12:31.602 [main] INFO  com.zaxxer.hikari.HikariDataSource - HikariPool-1 - Start completed. 
25-09-30 22:12:31.644 [main] INFO  o.hibernate.orm.connections.pooling - HHH10001005: Database info:
	Database JDBC URL [Connecting through datasource 'HikariDataSource (HikariPool-1)']
	Database driver: undefined/unknown
	Database version: 3.50.3
	Autocommit mode: undefined/unknown
	Isolation level: undefined/unknown
	Minimum pool size: undefined/unknown
	Maximum pool size: undefined/unknown 
25-09-30 22:12:32.372 [main] INFO  o.h.e.t.j.p.i.JtaPlatformInitiator - HHH000489: No JTA platform available (set 'hibernate.transaction.jta.platform' to enable JTA platform integration) 
25-09-30 22:12:32.409 [main] INFO  o.s.o.j.LocalContainerEntityManagerFactoryBean - Initialized JPA EntityManagerFactory for persistence unit 'default' 
25-09-30 22:12:32.738 [main] INFO  o.s.d.j.r.query.QueryEnhancerFactory - Hibernate is in classpath; If applicable, HQL parser will be used. 
25-09-30 22:12:32.829 [main] WARN  o.s.b.a.o.j.JpaBaseConfiguration$JpaWebConfiguration - spring.jpa.open-in-view is enabled by default. Therefore, database queries may be performed during view rendering. Explicitly configure spring.jpa.open-in-view to disable this warning 
25-09-30 22:12:32.941 [main] INFO  o.s.b.a.w.s.WelcomePageHandlerMapping - Adding welcome page: class path resource [static/index.html] 
25-09-30 22:12:33.439 [main] INFO  o.a.coyote.http11.Http11NioProtocol - Starting ProtocolHandler ["http-nio-8080"] 
25-09-30 22:12:33.473 [main] INFO  o.s.b.w.e.tomcat.TomcatWebServer - Tomcat started on port 8080 (http) with context path '/' 
25-09-30 22:12:33.491 [main] INFO  c.v.vatManager.VatManagerApplication - Started VatManagerApplication in 5.56 seconds (process running for 6.468) 
25-09-30 22:12:45.447 [http-nio-8080-exec-1] INFO  o.a.c.c.C.[Tomcat].[localhost].[/] - Initializing Spring DispatcherServlet 'dispatcherServlet' 
25-09-30 22:12:45.448 [http-nio-8080-exec-1] INFO  o.s.web.servlet.DispatcherServlet - Initializing Servlet 'dispatcherServlet' 
25-09-30 22:12:45.449 [http-nio-8080-exec-1] INFO  o.s.web.servlet.DispatcherServlet - Completed initialization in 1 ms 
25-09-30 22:12:45.833 [http-nio-8080-exec-5] INFO  c.v.vatManager.utils.PageableUtils -  : This is the sortDirection received in the pageableUtils method. 
25-09-30 22:12:45.834 [http-nio-8080-exec-5] INFO  c.v.v.service.ClientServiceImpl - Getting all the Clients from the Database. 
25-09-30 22:12:52.151 [http-nio-8080-exec-7] INFO  c.v.vatManager.utils.PageableUtils -  : This is the sortDirection received in the pageableUtils method. 
25-09-30 22:12:52.153 [http-nio-8080-exec-7] INFO  c.v.v.service.ClientServiceImpl - Getting all the Clients from the Database. 
