25-10-01 20:49:47.422 [main] INFO  c.v.v.service.ClientServiceImpl - Getting all the Clients from the Database. 
25-10-01 20:49:47.590 [main] INFO  o.s.t.c.s.AnnotationConfigContextLoaderUtils - Could not detect default configuration classes for test class [com.vatManager.vatManager.VatManagerApplicationTests]: VatManagerApplicationTests does not declare any static, non-private, non-final, nested classes annotated with @Configuration. 
25-10-01 20:49:47.761 [main] INFO  o.s.b.t.c.SpringBootTestContextBootstrapper - Found @SpringBootConfiguration com.vatManager.vatManager.VatManagerApplication for test class com.vatManager.vatManager.VatManagerApplicationTests 
25-10-01 20:49:47.933 [main] INFO  o.s.b.d.r.RestartApplicationListener - Restart disabled due to context in which it is running 
25-10-01 20:49:48.167 [background-preinit] INFO  o.h.validator.internal.util.Version - HV000001: Hibernate Validator 8.0.3.Final 
25-10-01 20:49:48.205 [main] INFO  c.v.v.VatManagerApplicationTests - Starting VatManagerApplicationTests using Java 23.0.2 with PID 9424 (started by neraz in D:\SpringBoot  Projects\vatManager) 
25-10-01 20:49:48.206 [main] INFO  c.v.v.VatManagerApplicationTests - No active profile set, falling back to 1 default profile: "default" 
25-10-01 20:49:49.069 [main] INFO  o.s.d.r.c.RepositoryConfigurationDelegate - Bootstrapping Spring Data JPA repositories in DEFAULT mode. 
25-10-01 20:49:49.159 [main] INFO  o.s.d.r.c.RepositoryConfigurationDelegate - Finished Spring Data repository scanning in 71 ms. Found 1 JPA repository interface. 
25-10-01 20:49:49.735 [main] INFO  o.h.jpa.internal.util.LogHelper - HHH000204: Processing PersistenceUnitInfo [name: default] 
25-10-01 20:49:49.825 [main] INFO  org.hibernate.Version - HHH000412: Hibernate ORM core version 6.6.26.Final 
25-10-01 20:49:49.873 [main] INFO  o.h.c.i.RegionFactoryInitiator - HHH000026: Second-level cache disabled 
25-10-01 20:49:50.015 [main] INFO  o.s.o.j.p.SpringPersistenceUnitInfo - No LoadTimeWeaver setup: ignoring JPA class transformer 
25-10-01 20:49:50.049 [main] INFO  com.zaxxer.hikari.HikariDataSource - HikariPool-1 - Starting... 
25-10-01 20:49:50.168 [main] INFO  com.zaxxer.hikari.pool.HikariPool - HikariPool-1 - Added connection org.sqlite.jdbc4.JDBC4Connection@7b2f8152 
25-10-01 20:49:50.170 [main] INFO  com.zaxxer.hikari.HikariDataSource - HikariPool-1 - Start completed. 
25-10-01 20:49:50.222 [main] INFO  o.hibernate.orm.connections.pooling - HHH10001005: Database info:
	Database JDBC URL [Connecting through datasource 'HikariDataSource (HikariPool-1)']
	Database driver: undefined/unknown
	Database version: 3.50.3
	Autocommit mode: undefined/unknown
	Isolation level: undefined/unknown
	Minimum pool size: undefined/unknown
	Maximum pool size: undefined/unknown 
25-10-01 20:49:50.866 [main] INFO  o.h.e.t.j.p.i.JtaPlatformInitiator - HHH000489: No JTA platform available (set 'hibernate.transaction.jta.platform' to enable JTA platform integration) 
25-10-01 20:49:50.901 [main] INFO  o.s.o.j.LocalContainerEntityManagerFactoryBean - Initialized JPA EntityManagerFactory for persistence unit 'default' 
25-10-01 20:49:51.212 [main] INFO  o.s.d.j.r.query.QueryEnhancerFactory - Hibernate is in classpath; If applicable, HQL parser will be used. 
25-10-01 20:49:51.400 [main] WARN  o.s.b.a.o.j.JpaBaseConfiguration$JpaWebConfiguration - spring.jpa.open-in-view is enabled by default. Therefore, database queries may be performed during view rendering. Explicitly configure spring.jpa.open-in-view to disable this warning 
25-10-01 20:49:51.490 [main] INFO  o.s.b.a.w.s.WelcomePageHandlerMapping - Adding welcome page: class path resource [static/index.html] 
25-10-01 20:49:51.890 [main] INFO  c.v.v.VatManagerApplicationTests - Started VatManagerApplicationTests in 3.968 seconds (process running for 6.443) 
25-10-01 20:49:51.942 [SpringApplicationShutdownHook] INFO  o.s.o.j.LocalContainerEntityManagerFactoryBean - Closing JPA EntityManagerFactory for persistence unit 'default' 
25-10-01 20:49:51.945 [SpringApplicationShutdownHook] INFO  com.zaxxer.hikari.HikariDataSource - HikariPool-1 - Shutdown initiated... 
25-10-01 20:49:51.948 [SpringApplicationShutdownHook] INFO  com.zaxxer.hikari.HikariDataSource - HikariPool-1 - Shutdown completed. 
